2026-03-28 00:55:13,722 - __main__ - INFO - 

Starting study: capn
2026-03-28 00:55:13,723 - __main__ - INFO - 
============================================================
2026-03-28 00:55:13,723 - __main__ - INFO - Running experiment: CARE-GNN (original RL)
2026-03-28 00:55:13,723 - __main__ - INFO - ============================================================
2026-03-28 00:55:13,723 - __main__ - INFO - Config: {'model': 'CARE', 'use_capn': False}
2026-03-28 00:55:14,966 - train - INFO - Using device: cuda
2026-03-28 00:55:14,969 - utils - INFO - Random seed set to 72
2026-03-28 00:55:20,191 - utils - INFO - Loaded yelp dataset: 45954 nodes, 32 features
2026-03-28 00:55:20,230 - train - INFO - Split: train=11488, val=6893, test=27573
2026-03-28 00:55:20,387 - train - INFO - Model: CARE, Inter-AGG: GNN, emb_size: 64
2026-03-28 00:55:27,478 - train - INFO - Epoch: 0, loss: 2.0766, lr: 0.010000, time: 5.22s
2026-03-28 00:56:03,425 - utils - INFO - GNN F1: 0.5886, Acc: 0.8457, Recall: 0.5739, AUC: 0.7029, AP: 0.3143
2026-03-28 00:56:03,425 - utils - INFO - Label F1: 0.4643, Acc: 0.8534, Recall: 0.5009, AUC: 0.5740, AP: 0.1835
2026-03-28 00:56:12,521 - utils - INFO - GNN F1: 0.5910, Acc: 0.8469, Recall: 0.5758, AUC: 0.7176, AP: 0.3294
2026-03-28 00:56:12,521 - utils - INFO - Label F1: 0.4613, Acc: 0.8536, Recall: 0.4995, AUC: 0.5919, AP: 0.1891
2026-03-28 00:56:12,522 - train - INFO - Validation AUC: 0.7176
2026-03-28 00:56:12,537 - utils - INFO - Checkpoint saved to checkpoints\best_CARE_yelp.pt
2026-03-28 00:56:12,537 - train - INFO - New best model saved (AUC: 0.7176)
2026-03-28 00:56:17,377 - train - INFO - Epoch: 1, loss: 2.0661, lr: 0.010000, time: 4.84s
2026-03-28 00:56:18,857 - layers - INFO - RL update - scores: ['0.0014', '0.0040', '0.0043'], rewards: [-1, -1, -1], thresholds: ['0.4800', '0.4800', '0.4800']
2026-03-28 00:56:22,121 - train - INFO - Epoch: 2, loss: 2.0588, lr: 0.010000, time: 4.74s
2026-03-28 00:56:23,384 - layers - INFO - RL update - scores: ['0.0017', '0.0048', '0.0051'], rewards: [-1, -1, -1], thresholds: ['0.4600', '0.4600', '0.4600']
2026-03-28 00:56:26,483 - train - INFO - Epoch: 3, loss: 2.0509, lr: 0.010000, time: 4.36s
2026-03-28 00:57:03,561 - utils - INFO - GNN F1: 0.6083, Acc: 0.7484, Recall: 0.6536, AUC: 0.7243, AP: 0.3252
2026-03-28 00:57:03,562 - utils - INFO - Label F1: 0.4566, Acc: 0.4925, Recall: 0.6258, AUC: 0.6896, AP: 0.2694
2026-03-28 00:57:13,112 - utils - INFO - GNN F1: 0.6122, Acc: 0.7511, Recall: 0.6578, AUC: 0.7323, AP: 0.3311
2026-03-28 00:57:13,112 - utils - INFO - Label F1: 0.4650, Acc: 0.5021, Recall: 0.6363, AUC: 0.7030, AP: 0.2777
2026-03-28 00:57:13,113 - train - INFO - Validation AUC: 0.7323
2026-03-28 00:57:13,123 - utils - INFO - Checkpoint saved to checkpoints\best_CARE_yelp.pt
2026-03-28 00:57:13,124 - train - INFO - New best model saved (AUC: 0.7323)
2026-03-28 00:57:14,444 - layers - INFO - RL update - scores: ['0.0020', '0.0057', '0.0059'], rewards: [-1, -1, -1], thresholds: ['0.4400', '0.4400', '0.4400']
2026-03-28 00:57:18,273 - train - INFO - Epoch: 4, loss: 2.0409, lr: 0.010000, time: 5.15s
2026-03-28 00:57:19,666 - layers - INFO - RL update - scores: ['0.0021', '0.0064', '0.0068'], rewards: [-1, -1, -1], thresholds: ['0.4200', '0.4200', '0.4200']
2026-03-28 00:57:23,074 - train - INFO - Epoch: 5, loss: 2.0319, lr: 0.010000, time: 4.80s
2026-03-28 00:57:24,769 - layers - INFO - RL update - scores: ['0.0025', '0.0073', '0.0076'], rewards: [-1, -1, -1], thresholds: ['0.4000', '0.4000', '0.4000']
2026-03-28 00:57:27,965 - train - INFO - Epoch: 6, loss: 2.0214, lr: 0.010000, time: 4.89s
2026-03-28 00:58:07,238 - utils - INFO - GNN F1: 0.5481, Acc: 0.6273, Recall: 0.6662, AUC: 0.7316, AP: 0.3273
2026-03-28 00:58:07,239 - utils - INFO - Label F1: 0.5886, Acc: 0.8272, Recall: 0.5785, AUC: 0.7124, AP: 0.2928
2026-03-28 00:58:16,853 - utils - INFO - GNN F1: 0.5579, Acc: 0.6385, Recall: 0.6765, AUC: 0.7361, AP: 0.3313
2026-03-28 00:58:16,853 - utils - INFO - Label F1: 0.5938, Acc: 0.8290, Recall: 0.5823, AUC: 0.7212, AP: 0.2993
2026-03-28 00:58:16,854 - train - INFO - Validation AUC: 0.7361
2026-03-28 00:58:16,863 - utils - INFO - Checkpoint saved to checkpoints\best_CARE_yelp.pt
2026-03-28 00:58:16,864 - train - INFO - New best model saved (AUC: 0.7361)
2026-03-28 00:58:18,095 - layers - INFO - RL update - scores: ['0.0028', '0.0079', '0.0084'], rewards: [-1, -1, -1], thresholds: ['0.3800', '0.3800', '0.3800']
2026-03-28 00:58:21,515 - train - INFO - Epoch: 7, loss: 2.0098, lr: 0.010000, time: 4.65s
2026-03-28 00:58:22,875 - layers - INFO - RL update - scores: ['0.0032', '0.0083', '0.0089'], rewards: [-1, -1, -1], thresholds: ['0.3600', '0.3600', '0.3600']
2026-03-28 00:58:26,099 - train - INFO - Epoch: 8, loss: 1.9974, lr: 0.010000, time: 4.58s
2026-03-28 00:58:27,430 - layers - INFO - RL update - scores: ['0.0036', '0.0089', '0.0095'], rewards: [-1, -1, -1], thresholds: ['0.3400', '0.3400', '0.3400']
2026-03-28 00:58:30,650 - train - INFO - Epoch: 9, loss: 1.9867, lr: 0.010000, time: 4.55s
2026-03-28 00:59:08,400 - utils - INFO - GNN F1: 0.5866, Acc: 0.6902, Recall: 0.6757, AUC: 0.7408, AP: 0.3369
2026-03-28 00:59:08,400 - utils - INFO - Label F1: 0.5420, Acc: 0.6193, Recall: 0.6611, AUC: 0.7196, AP: 0.3016
2026-03-28 00:59:18,161 - utils - INFO - GNN F1: 0.5935, Acc: 0.6968, Recall: 0.6838, AUC: 0.7446, AP: 0.3408
2026-03-28 00:59:18,161 - utils - INFO - Label F1: 0.5518, Acc: 0.6313, Recall: 0.6702, AUC: 0.7270, AP: 0.3074
2026-03-28 00:59:18,162 - train - INFO - Validation AUC: 0.7446
2026-03-28 00:59:18,171 - utils - INFO - Checkpoint saved to checkpoints\best_CARE_yelp.pt
2026-03-28 00:59:18,171 - train - INFO - New best model saved (AUC: 0.7446)
2026-03-28 00:59:20,726 - layers - INFO - RL update - scores: ['0.0040', '0.0092', '0.0098'], rewards: [-1, -1, -1], thresholds: ['0.3200', '0.3200', '0.3200']
