2026-03-25 00:59:03,906 - __main__ - INFO - Logging to logs\train_20260325_005903.log
2026-03-25 00:59:03,907 - __main__ - INFO - Arguments: {'data': 'yelp', 'model': 'CARE', 'inter': 'GNN', 'batch_size': 1024, 'lr': 0.01, 'lambda_1': 2, 'lambda_2': 0.001, 'emb_size': 64, 'num_epochs': 31, 'test_epochs': 3, 'under_sample': 1, 'step_size': 0.02, 'dropout': 0.6, 'device': 'auto', 'seed': 72, 'grad_clip': 1.0, 'patience': 10, 'use_lr_scheduler': True, 'lr_scheduler_patience': 5, 'lr_scheduler_factor': 0.5, 'val_size': 0.15, 'use_validation': True, 'checkpoint_dir': 'checkpoints', 'save_best': True, 'num_layers': 1, 'loss': 'ce', 'sage_num_samples': 5, 'rl_patience': 5, 'rl_epsilon': 0.0001, 'use_capn': False, 'policy_lr': 0.001, 'policy_hidden': 64, 'lambda_policy': 0.1, 'reward_w1': 0.5, 'reward_w2': 0.3, 'reward_w3': 0.2, 'gamma_init': 0.7, 'llm_priors_file': ''}
2026-03-25 00:59:04,500 - __main__ - INFO - Using device: cuda
2026-03-25 00:59:04,504 - utils - INFO - Random seed set to 72
2026-03-25 00:59:09,612 - utils - INFO - Loaded yelp dataset: 45954 nodes, 32 features
2026-03-25 00:59:09,655 - __main__ - INFO - Split: train=11488, val=6893, test=27573
2026-03-25 00:59:09,798 - __main__ - INFO - Model: CARE, Inter-AGG: GNN, emb_size: 64
2026-03-25 00:59:18,300 - __main__ - INFO - Epoch: 0, loss: 2.0766, lr: 0.010000, time: 5.18s
2026-03-25 00:59:53,481 - utils - INFO - GNN F1: 0.5886, Acc: 0.8457, Recall: 0.5739, AUC: 0.7029, AP: 0.3143
2026-03-25 00:59:53,481 - utils - INFO - Label F1: 0.4643, Acc: 0.8534, Recall: 0.5009, AUC: 0.5740, AP: 0.1835
2026-03-25 01:00:02,401 - utils - INFO - GNN F1: 0.5910, Acc: 0.8469, Recall: 0.5758, AUC: 0.7176, AP: 0.3294
2026-03-25 01:00:02,402 - utils - INFO - Label F1: 0.4613, Acc: 0.8536, Recall: 0.4995, AUC: 0.5919, AP: 0.1891
2026-03-25 01:00:02,402 - __main__ - INFO - Validation AUC: 0.7176
2026-03-25 01:00:02,415 - utils - INFO - Checkpoint saved to checkpoints\best_CARE_yelp.pt
2026-03-25 01:00:02,415 - __main__ - INFO - New best model saved (AUC: 0.7176)
2026-03-25 01:00:06,634 - __main__ - INFO - Epoch: 1, loss: 2.0661, lr: 0.010000, time: 4.22s
2026-03-25 01:00:08,038 - layers - INFO - RL update - scores: ['0.0014', '0.0040', '0.0043'], rewards: [-1, -1, -1], thresholds: ['0.4800', '0.4800', '0.4800']
2026-03-25 01:00:10,946 - __main__ - INFO - Epoch: 2, loss: 2.0588, lr: 0.010000, time: 4.31s
2026-03-25 01:00:12,177 - layers - INFO - RL update - scores: ['0.0017', '0.0048', '0.0051'], rewards: [-1, -1, -1], thresholds: ['0.4600', '0.4600', '0.4600']
2026-03-25 01:00:15,617 - __main__ - INFO - Epoch: 3, loss: 2.0509, lr: 0.010000, time: 4.67s
2026-03-25 01:00:48,724 - utils - INFO - GNN F1: 0.6083, Acc: 0.7484, Recall: 0.6536, AUC: 0.7243, AP: 0.3252
2026-03-25 01:00:48,725 - utils - INFO - Label F1: 0.4566, Acc: 0.4925, Recall: 0.6258, AUC: 0.6896, AP: 0.2694
2026-03-25 01:00:56,754 - utils - INFO - GNN F1: 0.6122, Acc: 0.7511, Recall: 0.6578, AUC: 0.7323, AP: 0.3311
2026-03-25 01:00:56,754 - utils - INFO - Label F1: 0.4650, Acc: 0.5021, Recall: 0.6363, AUC: 0.7030, AP: 0.2777
2026-03-25 01:00:56,754 - __main__ - INFO - Validation AUC: 0.7323
2026-03-25 01:00:56,764 - utils - INFO - Checkpoint saved to checkpoints\best_CARE_yelp.pt
2026-03-25 01:00:56,764 - __main__ - INFO - New best model saved (AUC: 0.7323)
2026-03-25 01:00:58,623 - layers - INFO - RL update - scores: ['0.0020', '0.0057', '0.0059'], rewards: [-1, -1, -1], thresholds: ['0.4400', '0.4400', '0.4400']
2026-03-25 01:01:01,626 - __main__ - INFO - Epoch: 4, loss: 2.0409, lr: 0.010000, time: 4.86s
2026-03-25 01:01:02,830 - layers - INFO - RL update - scores: ['0.0021', '0.0064', '0.0068'], rewards: [-1, -1, -1], thresholds: ['0.4200', '0.4200', '0.4200']
2026-03-25 01:01:05,989 - __main__ - INFO - Epoch: 5, loss: 2.0319, lr: 0.010000, time: 4.36s
2026-03-25 01:01:07,444 - layers - INFO - RL update - scores: ['0.0025', '0.0073', '0.0076'], rewards: [-1, -1, -1], thresholds: ['0.4000', '0.4000', '0.4000']
2026-03-25 01:01:11,067 - __main__ - INFO - Epoch: 6, loss: 2.0214, lr: 0.010000, time: 5.08s
2026-03-25 01:01:45,572 - utils - INFO - GNN F1: 0.5481, Acc: 0.6273, Recall: 0.6662, AUC: 0.7316, AP: 0.3273
2026-03-25 01:01:45,572 - utils - INFO - Label F1: 0.5886, Acc: 0.8272, Recall: 0.5785, AUC: 0.7124, AP: 0.2928
2026-03-25 01:01:53,947 - utils - INFO - GNN F1: 0.5579, Acc: 0.6385, Recall: 0.6765, AUC: 0.7361, AP: 0.3313
2026-03-25 01:01:53,947 - utils - INFO - Label F1: 0.5938, Acc: 0.8290, Recall: 0.5823, AUC: 0.7212, AP: 0.2993
2026-03-25 01:01:53,948 - __main__ - INFO - Validation AUC: 0.7361
2026-03-25 01:01:53,958 - utils - INFO - Checkpoint saved to checkpoints\best_CARE_yelp.pt
2026-03-25 01:01:53,958 - __main__ - INFO - New best model saved (AUC: 0.7361)
2026-03-25 01:01:55,554 - layers - INFO - RL update - scores: ['0.0028', '0.0079', '0.0084'], rewards: [-1, -1, -1], thresholds: ['0.3800', '0.3800', '0.3800']
2026-03-25 01:01:58,676 - __main__ - INFO - Epoch: 7, loss: 2.0098, lr: 0.010000, time: 4.72s
2026-03-25 01:02:00,218 - layers - INFO - RL update - scores: ['0.0032', '0.0083', '0.0089'], rewards: [-1, -1, -1], thresholds: ['0.3600', '0.3600', '0.3600']
2026-03-25 01:02:03,386 - __main__ - INFO - Epoch: 8, loss: 1.9974, lr: 0.010000, time: 4.71s
2026-03-25 01:02:04,627 - layers - INFO - RL update - scores: ['0.0036', '0.0089', '0.0095'], rewards: [-1, -1, -1], thresholds: ['0.3400', '0.3400', '0.3400']
2026-03-25 01:02:07,834 - __main__ - INFO - Epoch: 9, loss: 1.9867, lr: 0.010000, time: 4.45s
2026-03-25 01:02:41,804 - utils - INFO - GNN F1: 0.5866, Acc: 0.6902, Recall: 0.6757, AUC: 0.7408, AP: 0.3369
2026-03-25 01:02:41,804 - utils - INFO - Label F1: 0.5420, Acc: 0.6193, Recall: 0.6611, AUC: 0.7196, AP: 0.3016
2026-03-25 01:02:49,819 - utils - INFO - GNN F1: 0.5935, Acc: 0.6968, Recall: 0.6838, AUC: 0.7446, AP: 0.3408
2026-03-25 01:02:49,819 - utils - INFO - Label F1: 0.5518, Acc: 0.6313, Recall: 0.6702, AUC: 0.7270, AP: 0.3074
2026-03-25 01:02:49,820 - __main__ - INFO - Validation AUC: 0.7446
2026-03-25 01:02:49,828 - utils - INFO - Checkpoint saved to checkpoints\best_CARE_yelp.pt
2026-03-25 01:02:49,828 - __main__ - INFO - New best model saved (AUC: 0.7446)
2026-03-25 01:02:50,988 - layers - INFO - RL update - scores: ['0.0040', '0.0092', '0.0098'], rewards: [-1, -1, -1], thresholds: ['0.3200', '0.3200', '0.3200']
2026-03-25 01:02:54,076 - __main__ - INFO - Epoch: 10, loss: 1.9795, lr: 0.010000, time: 4.24s
2026-03-25 01:02:55,244 - layers - INFO - RL update - scores: ['0.0034', '0.0096', '0.0102'], rewards: [1, -1, -1], thresholds: ['0.3400', '0.3000', '0.3000']
2026-03-25 01:02:58,028 - __main__ - INFO - Epoch: 11, loss: 1.9650, lr: 0.010000, time: 3.95s
2026-03-25 01:02:59,174 - layers - INFO - RL update - scores: ['0.0039', '0.0098', '0.0106'], rewards: [-1, -1, -1], thresholds: ['0.3200', '0.2800', '0.2800']
2026-03-25 01:03:01,967 - __main__ - INFO - Epoch: 12, loss: 1.9748, lr: 0.010000, time: 3.93s
2026-03-25 01:03:34,533 - utils - INFO - GNN F1: 0.5689, Acc: 0.6524, Recall: 0.6858, AUC: 0.7490, AP: 0.3447
2026-03-25 01:03:34,533 - utils - INFO - Label F1: 0.5032, Acc: 0.5561, Recall: 0.6546, AUC: 0.7216, AP: 0.3050
2026-03-25 01:03:42,741 - utils - INFO - GNN F1: 0.5754, Acc: 0.6616, Recall: 0.6893, AUC: 0.7531, AP: 0.3508
2026-03-25 01:03:42,741 - utils - INFO - Label F1: 0.5098, Acc: 0.5645, Recall: 0.6609, AUC: 0.7284, AP: 0.3103
2026-03-25 01:03:42,742 - __main__ - INFO - Validation AUC: 0.7531
2026-03-25 01:03:42,751 - utils - INFO - Checkpoint saved to checkpoints\best_CARE_yelp.pt
2026-03-25 01:03:42,752 - __main__ - INFO - New best model saved (AUC: 0.7531)
2026-03-25 01:03:43,921 - layers - INFO - RL update - scores: ['0.0036', '0.0098', '0.0105'], rewards: [1, -1, 1], thresholds: ['0.3400', '0.2600', '0.3000']
2026-03-25 01:03:47,341 - __main__ - INFO - Epoch: 13, loss: 1.9595, lr: 0.010000, time: 4.59s
2026-03-25 01:03:48,926 - layers - INFO - RL update - scores: ['0.0047', '0.0100', '0.0119'], rewards: [-1, -1, -1], thresholds: ['0.3200', '0.2400', '0.2800']
2026-03-25 01:03:51,915 - __main__ - INFO - Epoch: 14, loss: 1.9493, lr: 0.010000, time: 4.57s
2026-03-25 01:03:53,136 - layers - INFO - RL update - scores: ['0.0042', '0.0098', '0.0124'], rewards: [1, 1, -1], thresholds: ['0.3400', '0.2600', '0.2600']
2026-03-25 01:03:56,295 - __main__ - INFO - Epoch: 15, loss: 1.9546, lr: 0.010000, time: 4.38s
2026-03-25 01:04:28,404 - utils - INFO - GNN F1: 0.5199, Acc: 0.5736, Recall: 0.6783, AUC: 0.7587, AP: 0.3663
2026-03-25 01:04:28,405 - utils - INFO - Label F1: 0.6011, Acc: 0.7336, Recall: 0.6548, AUC: 0.7218, AP: 0.3064
2026-03-25 01:04:36,468 - utils - INFO - GNN F1: 0.5275, Acc: 0.5840, Recall: 0.6832, AUC: 0.7639, AP: 0.3728
2026-03-25 01:04:36,468 - utils - INFO - Label F1: 0.6053, Acc: 0.7375, Recall: 0.6587, AUC: 0.7286, AP: 0.3125
2026-03-25 01:04:36,469 - __main__ - INFO - Validation AUC: 0.7639
2026-03-25 01:04:36,479 - utils - INFO - Checkpoint saved to checkpoints\best_CARE_yelp.pt
2026-03-25 01:04:36,479 - __main__ - INFO - New best model saved (AUC: 0.7639)
2026-03-25 01:04:37,978 - layers - INFO - RL update - scores: ['0.0057', '0.0110', '0.0123'], rewards: [-1, -1, 1], thresholds: ['0.3200', '0.2400', '0.2800']
2026-03-25 01:04:40,857 - __main__ - INFO - Epoch: 16, loss: 1.9559, lr: 0.010000, time: 4.38s
2026-03-25 01:04:42,024 - layers - INFO - RL update - scores: ['0.0053', '0.0111', '0.0137'], rewards: [1, -1, -1], thresholds: ['0.3400', '0.2200', '0.2600']
2026-03-25 01:04:45,557 - __main__ - INFO - Epoch: 17, loss: 1.9407, lr: 0.010000, time: 4.70s
2026-03-25 01:04:47,058 - layers - INFO - RL update - scores: ['0.0058', '0.0103', '0.0133'], rewards: [-1, 1, 1], thresholds: ['0.3200', '0.2400', '0.2800']
2026-03-25 01:04:49,872 - __main__ - INFO - Epoch: 18, loss: 1.9422, lr: 0.010000, time: 4.31s
2026-03-25 01:05:22,142 - utils - INFO - GNN F1: 0.6134, Acc: 0.7227, Recall: 0.6966, AUC: 0.7602, AP: 0.3646
2026-03-25 01:05:22,143 - utils - INFO - Label F1: 0.5896, Acc: 0.7064, Recall: 0.6614, AUC: 0.7230, AP: 0.3082
2026-03-25 01:05:30,234 - utils - INFO - GNN F1: 0.6138, Acc: 0.7233, Recall: 0.6965, AUC: 0.7657, AP: 0.3729
2026-03-25 01:05:30,235 - utils - INFO - Label F1: 0.5939, Acc: 0.7108, Recall: 0.6652, AUC: 0.7295, AP: 0.3142
2026-03-25 01:05:30,235 - __main__ - INFO - Validation AUC: 0.7657
2026-03-25 01:05:30,244 - utils - INFO - Checkpoint saved to checkpoints\best_CARE_yelp.pt
2026-03-25 01:05:30,244 - __main__ - INFO - New best model saved (AUC: 0.7657)
2026-03-25 01:05:31,485 - layers - INFO - RL update - scores: ['0.0053', '0.0120', '0.0149'], rewards: [1, -1, -1], thresholds: ['0.3400', '0.2200', '0.2600']
2026-03-25 01:05:34,263 - __main__ - INFO - Epoch: 19, loss: 1.9454, lr: 0.010000, time: 4.02s
2026-03-25 01:05:35,752 - layers - INFO - RL update - scores: ['0.0069', '0.0116', '0.0148'], rewards: [-1, 1, 1], thresholds: ['0.3200', '0.2400', '0.2800']
2026-03-25 01:05:38,584 - __main__ - INFO - Epoch: 20, loss: 1.9418, lr: 0.010000, time: 4.32s
2026-03-25 01:05:40,195 - layers - INFO - RL update - scores: ['0.0059', '0.0127', '0.0160'], rewards: [1, -1, -1], thresholds: ['0.3400', '0.2200', '0.2600']
2026-03-25 01:05:43,005 - __main__ - INFO - Epoch: 21, loss: 1.9314, lr: 0.010000, time: 4.42s
2026-03-25 01:06:14,813 - utils - INFO - GNN F1: 0.5613, Acc: 0.6354, Recall: 0.6934, AUC: 0.7644, AP: 0.3741
2026-03-25 01:06:14,814 - utils - INFO - Label F1: 0.5376, Acc: 0.6097, Recall: 0.6646, AUC: 0.7257, AP: 0.3110
2026-03-25 01:06:22,893 - utils - INFO - GNN F1: 0.5649, Acc: 0.6409, Recall: 0.6944, AUC: 0.7687, AP: 0.3792
2026-03-25 01:06:22,893 - utils - INFO - Label F1: 0.5423, Acc: 0.6154, Recall: 0.6693, AUC: 0.7314, AP: 0.3168
2026-03-25 01:06:22,894 - __main__ - INFO - Validation AUC: 0.7687
2026-03-25 01:06:22,902 - utils - INFO - Checkpoint saved to checkpoints\best_CARE_yelp.pt
2026-03-25 01:06:22,903 - __main__ - INFO - New best model saved (AUC: 0.7687)
2026-03-25 01:06:24,157 - layers - INFO - RL update - scores: ['0.0073', '0.0130', '0.0166'], rewards: [-1, -1, -1], thresholds: ['0.3200', '0.2000', '0.2400']
2026-03-25 01:06:27,337 - __main__ - INFO - Epoch: 22, loss: 1.9351, lr: 0.010000, time: 4.43s
2026-03-25 01:06:29,245 - layers - INFO - RL update - scores: ['0.0064', '0.0121', '0.0159'], rewards: [1, 1, 1], thresholds: ['0.3400', '0.2200', '0.2600']
2026-03-25 01:06:32,045 - __main__ - INFO - Epoch: 23, loss: 1.9326, lr: 0.010000, time: 4.71s
2026-03-25 01:06:33,440 - layers - INFO - RL update - scores: ['0.0080', '0.0132', '0.0169'], rewards: [-1, -1, -1], thresholds: ['0.3200', '0.2000', '0.2400']
2026-03-25 01:06:36,467 - __main__ - INFO - Epoch: 24, loss: 1.9385, lr: 0.010000, time: 4.42s
2026-03-25 01:07:10,529 - utils - INFO - GNN F1: 0.6261, Acc: 0.7457, Recall: 0.6946, AUC: 0.7636, AP: 0.3691
2026-03-25 01:07:10,530 - utils - INFO - Label F1: 0.4388, Acc: 0.4635, Recall: 0.6352, AUC: 0.7282, AP: 0.3134
2026-03-25 01:07:19,216 - utils - INFO - GNN F1: 0.6260, Acc: 0.7454, Recall: 0.6945, AUC: 0.7679, AP: 0.3751
2026-03-25 01:07:19,216 - utils - INFO - Label F1: 0.4472, Acc: 0.4739, Recall: 0.6422, AUC: 0.7332, AP: 0.3192
2026-03-25 01:07:19,217 - __main__ - INFO - Validation AUC: 0.7679
2026-03-25 01:07:20,547 - layers - INFO - RL update - scores: ['0.0069', '0.0128', '0.0170'], rewards: [1, 1, -1], thresholds: ['0.3400', '0.2200', '0.2200']
2026-03-25 01:07:23,488 - __main__ - INFO - Epoch: 25, loss: 1.9299, lr: 0.010000, time: 4.27s
2026-03-25 01:07:24,786 - layers - INFO - RL update - scores: ['0.0075', '0.0138', '0.0159'], rewards: [-1, -1, 1], thresholds: ['0.3200', '0.2000', '0.2400']
2026-03-25 01:07:28,007 - __main__ - INFO - Epoch: 26, loss: 1.9419, lr: 0.010000, time: 4.52s
2026-03-25 01:07:29,450 - layers - INFO - RL update - scores: ['0.0072', '0.0133', '0.0169'], rewards: [1, 1, -1], thresholds: ['0.3400', '0.2200', '0.2200']
2026-03-25 01:07:32,291 - __main__ - INFO - Epoch: 27, loss: 1.9225, lr: 0.010000, time: 4.28s
2026-03-25 01:08:05,933 - utils - INFO - GNN F1: 0.6098, Acc: 0.7132, Recall: 0.7015, AUC: 0.7660, AP: 0.3779
2026-03-25 01:08:05,934 - utils - INFO - Label F1: 0.6144, Acc: 0.7627, Recall: 0.6506, AUC: 0.7304, AP: 0.3151
2026-03-25 01:08:14,752 - utils - INFO - GNN F1: 0.6110, Acc: 0.7150, Recall: 0.7019, AUC: 0.7705, AP: 0.3819
2026-03-25 01:08:14,752 - utils - INFO - Label F1: 0.6150, Acc: 0.7648, Recall: 0.6496, AUC: 0.7347, AP: 0.3204
2026-03-25 01:08:14,752 - __main__ - INFO - Validation AUC: 0.7705
2026-03-25 01:08:14,762 - utils - INFO - Checkpoint saved to checkpoints\best_CARE_yelp.pt
2026-03-25 01:08:14,762 - __main__ - INFO - New best model saved (AUC: 0.7705)
2026-03-25 01:08:15,969 - layers - INFO - RL update - scores: ['0.0081', '0.0146', '0.0171'], rewards: [-1, -1, -1], thresholds: ['0.3200', '0.2000', '0.2000']
2026-03-25 01:08:18,958 - __main__ - INFO - Epoch: 28, loss: 1.9271, lr: 0.010000, time: 4.19s
2026-03-25 01:08:20,176 - layers - INFO - RL update - scores: ['0.0079', '0.0139', '0.0157'], rewards: [1, 1, 1], thresholds: ['0.3400', '0.2200', '0.2200']
2026-03-25 01:08:23,468 - __main__ - INFO - Epoch: 29, loss: 1.9353, lr: 0.010000, time: 4.51s
2026-03-25 01:08:24,936 - layers - INFO - RL update - scores: ['0.0087', '0.0151', '0.0171'], rewards: [-1, -1, -1], thresholds: ['0.3200', '0.2000', '0.2000']
2026-03-25 01:08:27,802 - __main__ - INFO - Epoch: 30, loss: 1.9148, lr: 0.010000, time: 4.33s
2026-03-25 01:09:00,364 - utils - INFO - GNN F1: 0.5830, Acc: 0.6701, Recall: 0.6974, AUC: 0.7646, AP: 0.3725
2026-03-25 01:09:00,364 - utils - INFO - Label F1: 0.5498, Acc: 0.6269, Recall: 0.6720, AUC: 0.7325, AP: 0.3173
2026-03-25 01:09:08,670 - utils - INFO - GNN F1: 0.5855, Acc: 0.6736, Recall: 0.6987, AUC: 0.7693, AP: 0.3778
2026-03-25 01:09:08,670 - utils - INFO - Label F1: 0.5580, Acc: 0.6363, Recall: 0.6809, AUC: 0.7362, AP: 0.3224
2026-03-25 01:09:08,671 - __main__ - INFO - Validation AUC: 0.7693
2026-03-25 01:09:08,671 - __main__ - INFO - Training complete.
