2026-03-31 00:15:13,293 - __main__ - INFO - Logging to logs\train_20260331_001513.log
2026-03-31 00:15:13,293 - __main__ - INFO - Arguments: {'data': 'amazon', 'model': 'CARE', 'inter': 'GNN', 'batch_size': 256, 'lr': 0.01, 'lambda_1': 2, 'lambda_2': 0.001, 'emb_size': 64, 'num_epochs': 2, 'test_epochs': 1, 'under_sample': 1, 'step_size': 0.02, 'dropout': 0.6, 'device': 'auto', 'seed': 72, 'grad_clip': 1.0, 'patience': 10, 'use_lr_scheduler': True, 'lr_scheduler_patience': 5, 'lr_scheduler_factor': 0.5, 'val_size': 0.15, 'use_validation': True, 'checkpoint_dir': 'checkpoints', 'save_best': True, 'num_layers': 1, 'loss': 'ce', 'sage_num_samples': 5, 'rl_patience': 5, 'rl_epsilon': 0.0001, 'use_capn': True, 'policy_lr': 0.001, 'policy_hidden': 64, 'lambda_policy': 0.1, 'reward_w1': 0.5, 'reward_w2': 0.3, 'reward_w3': 0.2, 'gamma_init': 0.7, 'llm_priors_file': '', 'use_llm_state': False, 'llm_embedding_path': 'llm_embeddings/llm_semantic_embeddings.pt', 'llm_projection_dim': 16}
2026-03-31 00:15:14,513 - __main__ - INFO - Using device: cuda
2026-03-31 00:15:14,519 - utils - INFO - Random seed set to 72
2026-03-31 00:15:14,519 - utils - INFO - Loading cached labels/features from amz_labels.npy, amz_features.npy
2026-03-31 00:15:19,739 - utils - INFO - Loaded amazon dataset: 11944 nodes, 25 features
2026-03-31 00:15:19,745 - __main__ - INFO - Split: train=2159, val=1296, test=5184
2026-03-31 00:15:19,843 - __main__ - INFO - Model: CARE, Inter-AGG: GNN, emb_size: 64
2026-03-31 00:15:19,850 - __main__ - INFO - Policy network state_dim=30
2026-03-31 00:15:19,850 - __main__ - INFO - CAPN mode enabled: policy_hidden=64, policy_lr=0.001, lambda_policy=0.1
2026-03-31 00:15:21,546 - __main__ - INFO - Dual optimizer: GNN params=2946, Policy params=4262
2026-03-31 00:15:23,528 - __main__ - INFO - Epoch: 0, loss: 2.1411, lr: 0.010000, time: 1.98s
2026-03-31 00:15:40,854 - utils - INFO - GNN F1: 0.4705, Acc: 0.5517, Recall: 0.6834, AUC: 0.7054, AP: 0.1545
2026-03-31 00:15:40,854 - utils - INFO - Label F1: 0.5379, Acc: 0.6456, Recall: 0.7409, AUC: 0.8832, AP: 0.7850
2026-03-31 00:15:45,535 - utils - INFO - GNN F1: 0.4511, Acc: 0.5247, Recall: 0.6551, AUC: 0.6559, AP: 0.1318
2026-03-31 00:15:45,535 - utils - INFO - Label F1: 0.5057, Acc: 0.6003, Recall: 0.7159, AUC: 0.8446, AP: 0.7213
2026-03-31 00:15:45,535 - __main__ - INFO - Validation AUC: 0.6559
2026-03-31 00:15:45,547 - utils - INFO - Checkpoint saved to checkpoints\best_CARE_amazon.pt
2026-03-31 00:15:45,547 - __main__ - INFO - New best model saved (AUC: 0.6559)
2026-03-31 00:15:46,860 - __main__ - INFO - Epoch: 1, loss: 2.0159, lr: 0.010000, time: 1.31s
2026-03-31 00:16:06,259 - utils - INFO - GNN F1: 0.4785, Acc: 0.5629, Recall: 0.6891, AUC: 0.8681, AP: 0.7271
2026-03-31 00:16:06,259 - utils - INFO - Label F1: 0.8934, Acc: 0.9663, Recall: 0.8677, AUC: 0.8781, AP: 0.8074
2026-03-31 00:16:10,953 - utils - INFO - GNN F1: 0.4518, Acc: 0.5267, Recall: 0.6588, AUC: 0.8206, AP: 0.6533
2026-03-31 00:16:10,953 - utils - INFO - Label F1: 0.8670, Acc: 0.9557, Recall: 0.8628, AUC: 0.8291, AP: 0.7529
2026-03-31 00:16:10,953 - __main__ - INFO - Validation AUC: 0.8206
2026-03-31 00:16:10,966 - utils - INFO - Checkpoint saved to checkpoints\best_CARE_amazon.pt
2026-03-31 00:16:10,966 - __main__ - INFO - New best model saved (AUC: 0.8206)
2026-03-31 00:16:10,966 - __main__ - INFO - Training complete.
