2026-04-04 00:51:40,867 - __main__ - INFO - Logging to logs\train_20260404_005140.log
2026-04-04 00:51:40,867 - __main__ - INFO - Arguments: {'data': 'amazon', 'model': 'CARE', 'inter': 'GNN', 'batch_size': 256, 'lr': 0.01, 'lambda_1': 2, 'lambda_2': 0.001, 'emb_size': 64, 'num_epochs': 3, 'test_epochs': 3, 'under_sample': 1, 'step_size': 0.02, 'dropout': 0.6, 'device': 'auto', 'seed': 72, 'grad_clip': 1.0, 'patience': 10, 'use_lr_scheduler': True, 'lr_scheduler_patience': 5, 'lr_scheduler_factor': 0.5, 'val_size': 0.15, 'use_validation': True, 'checkpoint_dir': 'checkpoints', 'save_best': True, 'num_layers': 1, 'loss': 'ce', 'sage_num_samples': 5, 'rl_patience': 5, 'rl_epsilon': 0.0001, 'use_capn': True, 'policy_lr': 0.001, 'policy_hidden': 64, 'lambda_policy': 0.1, 'reward_w1': 0.5, 'reward_w2': 0.3, 'reward_w3': 0.2, 'gamma_init': 0.7, 'policy_grad_clip': 5.0, 'llm_priors_file': '', 'use_mlp_label': False, 'use_llm_state': False, 'llm_embedding_path': None, 'llm_projection_dim': 16, 'enrichment_mode': 'structural', 'graph_features_path': '', 'risk_scores_path': '', 'structural_projection_dim': 16}
2026-04-04 00:51:42,179 - __main__ - INFO - Using device: cuda
2026-04-04 00:51:42,187 - utils - INFO - Random seed set to 72
2026-04-04 00:51:42,188 - utils - INFO - Loading cached labels/features from amz_labels.npy, amz_features.npy
2026-04-04 00:51:48,022 - utils - INFO - Loaded amazon dataset: 11944 nodes, 25 features
2026-04-04 00:51:48,028 - __main__ - INFO - Split: train=2159, val=1296, test=5184
2026-04-04 00:51:48,139 - __main__ - INFO - Model: CARE, Inter-AGG: GNN, emb_size: 64
2026-04-04 00:51:48,143 - __main__ - INFO - Using MLP label predictor (hidden=12)
2026-04-04 00:51:48,152 - __main__ - INFO - Loaded graph structural features: torch.Size([11944, 26])
2026-04-04 00:51:48,153 - __main__ - INFO - Enrichment projector: 26 -> 16
2026-04-04 00:51:48,157 - __main__ - INFO - Policy network state_dim=46
2026-04-04 00:51:48,157 - __main__ - INFO - CAPN mode enabled: policy_hidden=64, policy_lr=0.001, lambda_policy=0.1
2026-04-04 00:51:51,173 - __main__ - INFO - Dual optimizer: GNN params=2946, Policy params=7538
2026-04-04 00:52:20,472 - __main__ - INFO - Epoch: 0, loss: 2.0732, lr: 0.010000, time: 29.29s
2026-04-04 01:01:51,630 - utils - INFO - GNN F1: 0.8821, Acc: 0.9639, Recall: 0.8404, AUC: 0.8946, AP: 0.7869
2026-04-04 01:01:51,631 - utils - INFO - Label F1: 0.5137, Acc: 0.6114, Recall: 0.7230, AUC: 0.8833, AP: 0.7843
2026-04-04 01:04:08,811 - utils - INFO - GNN F1: 0.8681, Acc: 0.9642, Recall: 0.8290, AUC: 0.8676, AP: 0.7412
2026-04-04 01:04:08,811 - utils - INFO - Label F1: 0.4864, Acc: 0.5729, Recall: 0.7007, AUC: 0.8448, AP: 0.7204
2026-04-04 01:04:08,811 - __main__ - INFO - Validation AUC: 0.8676
2026-04-04 01:04:08,827 - utils - INFO - Checkpoint saved to checkpoints\best_CARE_amazon.pt
2026-04-04 01:04:08,827 - __main__ - INFO - New best model saved (AUC: 0.8676)
2026-04-04 01:04:31,375 - __main__ - INFO - Epoch: 1, loss: 1.9478, lr: 0.010000, time: 22.55s
2026-04-04 01:04:51,819 - __main__ - INFO - Epoch: 2, loss: 1.8541, lr: 0.010000, time: 20.44s
2026-04-04 01:04:51,819 - __main__ - INFO - Training complete.
