2026-04-02 23:37:02,417 - __main__ - INFO - 
============================================================
2026-04-02 23:37:02,417 - __main__ - INFO - Running experiment: lambda_policy=0.01
2026-04-02 23:37:02,417 - __main__ - INFO - ============================================================
2026-04-02 23:37:02,417 - __main__ - INFO - Config: {'model': 'CARE', 'use_capn': True, 'lambda_policy': 0.01}
2026-04-02 23:37:03,660 - train - INFO - Using device: cuda
2026-04-02 23:37:03,663 - utils - INFO - Random seed set to 72
2026-04-02 23:37:03,664 - utils - INFO - Loading cached labels/features from yelp_labels.npy, yelp_features.npy
2026-04-02 23:37:08,294 - utils - INFO - Loaded yelp dataset: 45954 nodes, 32 features
2026-04-02 23:37:08,321 - train - INFO - Split: train=11488, val=6893, test=27573
2026-04-02 23:37:08,323 - train - INFO - CE loss class weights: [0.5849882880130359, 3.4415817855002997]
2026-04-02 23:37:08,403 - train - INFO - Model: CARE, Inter-AGG: GNN, emb_size: 64
2026-04-02 23:37:08,416 - train - INFO - Policy network state_dim=37
2026-04-02 23:37:08,416 - train - INFO - CAPN mode enabled: policy_hidden=64, policy_lr=0.001, lambda_policy=0.01
2026-04-02 23:37:10,011 - train - INFO - Dual optimizer: GNN params=3618, Policy params=4710
2026-04-02 23:37:26,921 - train - INFO - Epoch: 0, loss: 1.8186, lr: 0.010000, time: 16.90s
2026-04-02 23:39:43,776 - utils - INFO - GNN F1: 0.1268, Acc: 0.1453, Recall: 0.5000, AUC: 0.5372, AP: 0.1757
2026-04-02 23:39:43,777 - utils - INFO - Label F1: 0.1268, Acc: 0.1453, Recall: 0.5000, AUC: 0.4351, AP: 0.1251
2026-04-02 23:40:20,127 - utils - INFO - GNN F1: 0.1265, Acc: 0.1449, Recall: 0.5000, AUC: 0.5205, AP: 0.1636
2026-04-02 23:40:20,128 - utils - INFO - Label F1: 0.1265, Acc: 0.1449, Recall: 0.5000, AUC: 0.3957, AP: 0.1154
2026-04-02 23:40:20,128 - train - INFO - Validation AUC: 0.5205
2026-04-02 23:40:20,141 - utils - INFO - Checkpoint saved to checkpoints\best_CARE_yelp.pt
2026-04-02 23:40:20,141 - train - INFO - New best model saved (AUC: 0.5205)
2026-04-02 23:40:33,075 - train - INFO - Epoch: 1, loss: 1.4673, lr: 0.010000, time: 12.92s
2026-04-02 23:40:44,316 - train - INFO - Epoch: 2, loss: 1.3328, lr: 0.010000, time: 11.23s
2026-04-02 23:40:57,363 - train - INFO - Epoch: 3, loss: 1.2815, lr: 0.010000, time: 13.03s
