2026-03-28 01:19:34,283 - __main__ - INFO - 

Starting study: capn
2026-03-28 01:19:34,283 - __main__ - INFO - 
============================================================
2026-03-28 01:19:34,283 - __main__ - INFO - Running experiment: CARE-GNN (original RL)
2026-03-28 01:19:34,283 - __main__ - INFO - ============================================================
2026-03-28 01:19:34,283 - __main__ - INFO - Config: {'model': 'CARE', 'use_capn': False}
2026-03-28 01:19:35,505 - train - INFO - Using device: cuda
2026-03-28 01:19:35,509 - utils - INFO - Random seed set to 72
2026-03-28 01:19:40,416 - utils - INFO - Loaded yelp dataset: 45954 nodes, 32 features
2026-03-28 01:19:40,461 - train - INFO - Split: train=11488, val=6893, test=27573
2026-03-28 01:19:40,547 - train - INFO - Model: CARE, Inter-AGG: GNN, emb_size: 64
2026-03-28 01:19:46,541 - train - INFO - Epoch: 0, loss: 2.0766, lr: 0.010000, time: 4.36s
2026-03-28 01:20:20,830 - utils - INFO - GNN F1: 0.5886, Acc: 0.8457, Recall: 0.5739, AUC: 0.7029, AP: 0.3143
2026-03-28 01:20:20,831 - utils - INFO - Label F1: 0.4643, Acc: 0.8534, Recall: 0.5009, AUC: 0.5740, AP: 0.1835
2026-03-28 01:20:29,794 - utils - INFO - GNN F1: 0.5910, Acc: 0.8469, Recall: 0.5758, AUC: 0.7176, AP: 0.3294
2026-03-28 01:20:29,794 - utils - INFO - Label F1: 0.4613, Acc: 0.8536, Recall: 0.4995, AUC: 0.5919, AP: 0.1891
2026-03-28 01:20:29,794 - train - INFO - Validation AUC: 0.7176
2026-03-28 01:20:29,804 - utils - INFO - Checkpoint saved to checkpoints\best_CARE_yelp.pt
2026-03-28 01:20:29,805 - train - INFO - New best model saved (AUC: 0.7176)
2026-03-28 01:20:34,609 - train - INFO - Epoch: 1, loss: 2.0661, lr: 0.010000, time: 4.80s
2026-03-28 01:20:36,170 - layers - INFO - RL update - scores: ['0.0014', '0.0040', '0.0043'], rewards: [-1, -1, -1], thresholds: ['0.4800', '0.4800', '0.4800']
2026-03-28 01:20:39,381 - train - INFO - Epoch: 2, loss: 2.0588, lr: 0.010000, time: 4.77s
2026-03-28 01:20:40,654 - layers - INFO - RL update - scores: ['0.0017', '0.0048', '0.0051'], rewards: [-1, -1, -1], thresholds: ['0.4600', '0.4600', '0.4600']
2026-03-28 01:20:44,036 - train - INFO - Epoch: 3, loss: 2.0509, lr: 0.010000, time: 4.65s
2026-03-28 01:21:19,949 - utils - INFO - GNN F1: 0.6083, Acc: 0.7484, Recall: 0.6536, AUC: 0.7243, AP: 0.3252
2026-03-28 01:21:19,950 - utils - INFO - Label F1: 0.4566, Acc: 0.4925, Recall: 0.6258, AUC: 0.6896, AP: 0.2694
2026-03-28 01:21:27,936 - utils - INFO - GNN F1: 0.6122, Acc: 0.7511, Recall: 0.6578, AUC: 0.7323, AP: 0.3311
2026-03-28 01:21:27,936 - utils - INFO - Label F1: 0.4650, Acc: 0.5021, Recall: 0.6363, AUC: 0.7030, AP: 0.2777
2026-03-28 01:21:27,936 - train - INFO - Validation AUC: 0.7323
2026-03-28 01:21:27,945 - utils - INFO - Checkpoint saved to checkpoints\best_CARE_yelp.pt
2026-03-28 01:21:27,945 - train - INFO - New best model saved (AUC: 0.7323)
2026-03-28 01:21:29,157 - layers - INFO - RL update - scores: ['0.0020', '0.0057', '0.0059'], rewards: [-1, -1, -1], thresholds: ['0.4400', '0.4400', '0.4400']
2026-03-28 01:21:32,613 - train - INFO - Epoch: 4, loss: 2.0409, lr: 0.010000, time: 4.66s
2026-03-28 01:21:33,850 - layers - INFO - RL update - scores: ['0.0021', '0.0064', '0.0068'], rewards: [-1, -1, -1], thresholds: ['0.4200', '0.4200', '0.4200']
2026-03-28 01:21:36,812 - train - INFO - Epoch: 5, loss: 2.0319, lr: 0.010000, time: 4.20s
2026-03-28 01:21:38,191 - layers - INFO - RL update - scores: ['0.0025', '0.0073', '0.0076'], rewards: [-1, -1, -1], thresholds: ['0.4000', '0.4000', '0.4000']
2026-03-28 01:21:41,316 - train - INFO - Epoch: 6, loss: 2.0214, lr: 0.010000, time: 4.50s
2026-03-28 01:22:14,415 - utils - INFO - GNN F1: 0.5481, Acc: 0.6273, Recall: 0.6662, AUC: 0.7316, AP: 0.3273
2026-03-28 01:22:14,415 - utils - INFO - Label F1: 0.5886, Acc: 0.8272, Recall: 0.5785, AUC: 0.7124, AP: 0.2928
2026-03-28 01:22:22,850 - utils - INFO - GNN F1: 0.5579, Acc: 0.6385, Recall: 0.6765, AUC: 0.7361, AP: 0.3313
2026-03-28 01:22:22,850 - utils - INFO - Label F1: 0.5938, Acc: 0.8290, Recall: 0.5823, AUC: 0.7212, AP: 0.2993
2026-03-28 01:22:22,851 - train - INFO - Validation AUC: 0.7361
2026-03-28 01:22:22,860 - utils - INFO - Checkpoint saved to checkpoints\best_CARE_yelp.pt
2026-03-28 01:22:22,860 - train - INFO - New best model saved (AUC: 0.7361)
2026-03-28 01:22:24,283 - layers - INFO - RL update - scores: ['0.0028', '0.0079', '0.0084'], rewards: [-1, -1, -1], thresholds: ['0.3800', '0.3800', '0.3800']
2026-03-28 01:22:27,524 - train - INFO - Epoch: 7, loss: 2.0098, lr: 0.010000, time: 4.66s
2026-03-28 01:22:28,736 - layers - INFO - RL update - scores: ['0.0032', '0.0083', '0.0089'], rewards: [-1, -1, -1], thresholds: ['0.3600', '0.3600', '0.3600']
2026-03-28 01:22:31,865 - train - INFO - Epoch: 8, loss: 1.9974, lr: 0.010000, time: 4.34s
2026-03-28 01:22:33,437 - layers - INFO - RL update - scores: ['0.0036', '0.0089', '0.0095'], rewards: [-1, -1, -1], thresholds: ['0.3400', '0.3400', '0.3400']
2026-03-28 01:22:36,428 - train - INFO - Epoch: 9, loss: 1.9867, lr: 0.010000, time: 4.56s
2026-03-28 01:23:09,341 - utils - INFO - GNN F1: 0.5866, Acc: 0.6902, Recall: 0.6757, AUC: 0.7408, AP: 0.3369
2026-03-28 01:23:09,341 - utils - INFO - Label F1: 0.5420, Acc: 0.6193, Recall: 0.6611, AUC: 0.7196, AP: 0.3016
2026-03-28 01:23:17,725 - utils - INFO - GNN F1: 0.5935, Acc: 0.6968, Recall: 0.6838, AUC: 0.7446, AP: 0.3408
2026-03-28 01:23:17,725 - utils - INFO - Label F1: 0.5518, Acc: 0.6313, Recall: 0.6702, AUC: 0.7270, AP: 0.3074
2026-03-28 01:23:17,726 - train - INFO - Validation AUC: 0.7446
2026-03-28 01:23:17,736 - utils - INFO - Checkpoint saved to checkpoints\best_CARE_yelp.pt
2026-03-28 01:23:17,736 - train - INFO - New best model saved (AUC: 0.7446)
2026-03-28 01:23:18,931 - layers - INFO - RL update - scores: ['0.0040', '0.0092', '0.0098'], rewards: [-1, -1, -1], thresholds: ['0.3200', '0.3200', '0.3200']
2026-03-28 01:23:21,675 - train - INFO - Epoch: 10, loss: 1.9795, lr: 0.010000, time: 3.94s
2026-03-28 01:23:22,969 - layers - INFO - RL update - scores: ['0.0034', '0.0096', '0.0102'], rewards: [1, -1, -1], thresholds: ['0.3400', '0.3000', '0.3000']
2026-03-28 01:23:26,428 - train - INFO - Epoch: 11, loss: 1.9650, lr: 0.010000, time: 4.75s
2026-03-28 01:23:27,602 - layers - INFO - RL update - scores: ['0.0039', '0.0098', '0.0106'], rewards: [-1, -1, -1], thresholds: ['0.3200', '0.2800', '0.2800']
2026-03-28 01:23:30,582 - train - INFO - Epoch: 12, loss: 1.9748, lr: 0.010000, time: 4.15s
2026-03-28 01:24:04,022 - utils - INFO - GNN F1: 0.5689, Acc: 0.6524, Recall: 0.6858, AUC: 0.7490, AP: 0.3447
2026-03-28 01:24:04,022 - utils - INFO - Label F1: 0.5032, Acc: 0.5561, Recall: 0.6546, AUC: 0.7216, AP: 0.3050
2026-03-28 01:24:12,119 - utils - INFO - GNN F1: 0.5754, Acc: 0.6616, Recall: 0.6893, AUC: 0.7531, AP: 0.3508
2026-03-28 01:24:12,119 - utils - INFO - Label F1: 0.5098, Acc: 0.5645, Recall: 0.6609, AUC: 0.7284, AP: 0.3103
2026-03-28 01:24:12,119 - train - INFO - Validation AUC: 0.7531
2026-03-28 01:24:12,130 - utils - INFO - Checkpoint saved to checkpoints\best_CARE_yelp.pt
2026-03-28 01:24:12,130 - train - INFO - New best model saved (AUC: 0.7531)
2026-03-28 01:24:13,378 - layers - INFO - RL update - scores: ['0.0036', '0.0098', '0.0105'], rewards: [1, -1, 1], thresholds: ['0.3400', '0.2600', '0.3000']
2026-03-28 01:24:16,200 - train - INFO - Epoch: 13, loss: 1.9595, lr: 0.010000, time: 4.07s
2026-03-28 01:24:17,883 - layers - INFO - RL update - scores: ['0.0047', '0.0100', '0.0119'], rewards: [-1, -1, -1], thresholds: ['0.3200', '0.2400', '0.2800']
2026-03-28 01:24:20,628 - train - INFO - Epoch: 14, loss: 1.9493, lr: 0.010000, time: 4.43s
2026-03-28 01:24:21,815 - layers - INFO - RL update - scores: ['0.0042', '0.0098', '0.0124'], rewards: [1, 1, -1], thresholds: ['0.3400', '0.2600', '0.2600']
2026-03-28 01:24:24,793 - train - INFO - Epoch: 15, loss: 1.9546, lr: 0.010000, time: 4.16s
2026-03-28 01:24:55,983 - utils - INFO - GNN F1: 0.5199, Acc: 0.5736, Recall: 0.6783, AUC: 0.7587, AP: 0.3663
2026-03-28 01:24:55,983 - utils - INFO - Label F1: 0.6011, Acc: 0.7336, Recall: 0.6548, AUC: 0.7218, AP: 0.3064
2026-03-28 01:25:03,963 - utils - INFO - GNN F1: 0.5275, Acc: 0.5840, Recall: 0.6832, AUC: 0.7639, AP: 0.3728
2026-03-28 01:25:03,964 - utils - INFO - Label F1: 0.6053, Acc: 0.7375, Recall: 0.6587, AUC: 0.7286, AP: 0.3125
2026-03-28 01:25:03,964 - train - INFO - Validation AUC: 0.7639
2026-03-28 01:25:03,973 - utils - INFO - Checkpoint saved to checkpoints\best_CARE_yelp.pt
2026-03-28 01:25:03,973 - train - INFO - New best model saved (AUC: 0.7639)
2026-03-28 01:25:05,094 - layers - INFO - RL update - scores: ['0.0057', '0.0110', '0.0123'], rewards: [-1, -1, 1], thresholds: ['0.3200', '0.2400', '0.2800']
2026-03-28 01:25:07,978 - train - INFO - Epoch: 16, loss: 1.9559, lr: 0.010000, time: 4.00s
2026-03-28 01:25:09,431 - layers - INFO - RL update - scores: ['0.0053', '0.0111', '0.0137'], rewards: [1, -1, -1], thresholds: ['0.3400', '0.2200', '0.2600']
2026-03-28 01:25:12,199 - train - INFO - Epoch: 17, loss: 1.9407, lr: 0.010000, time: 4.22s
2026-03-28 01:25:13,367 - layers - INFO - RL update - scores: ['0.0058', '0.0103', '0.0133'], rewards: [-1, 1, 1], thresholds: ['0.3200', '0.2400', '0.2800']
2026-03-28 01:25:16,191 - train - INFO - Epoch: 18, loss: 1.9422, lr: 0.010000, time: 3.99s
2026-03-28 01:25:47,826 - utils - INFO - GNN F1: 0.6134, Acc: 0.7227, Recall: 0.6966, AUC: 0.7602, AP: 0.3646
2026-03-28 01:25:47,827 - utils - INFO - Label F1: 0.5896, Acc: 0.7064, Recall: 0.6614, AUC: 0.7230, AP: 0.3082
2026-03-28 01:25:56,205 - utils - INFO - GNN F1: 0.6138, Acc: 0.7233, Recall: 0.6965, AUC: 0.7657, AP: 0.3729
2026-03-28 01:25:56,205 - utils - INFO - Label F1: 0.5939, Acc: 0.7108, Recall: 0.6652, AUC: 0.7295, AP: 0.3142
2026-03-28 01:25:56,205 - train - INFO - Validation AUC: 0.7657
2026-03-28 01:25:56,215 - utils - INFO - Checkpoint saved to checkpoints\best_CARE_yelp.pt
2026-03-28 01:25:56,215 - train - INFO - New best model saved (AUC: 0.7657)
2026-03-28 01:25:57,391 - layers - INFO - RL update - scores: ['0.0053', '0.0120', '0.0149'], rewards: [1, -1, -1], thresholds: ['0.3400', '0.2200', '0.2600']
2026-03-28 01:26:00,354 - train - INFO - Epoch: 19, loss: 1.9454, lr: 0.010000, time: 4.14s
2026-03-28 01:26:01,500 - layers - INFO - RL update - scores: ['0.0069', '0.0116', '0.0148'], rewards: [-1, 1, 1], thresholds: ['0.3200', '0.2400', '0.2800']
2026-03-28 01:26:04,500 - train - INFO - Epoch: 20, loss: 1.9418, lr: 0.010000, time: 4.14s
2026-03-28 01:26:05,729 - layers - INFO - RL update - scores: ['0.0059', '0.0127', '0.0160'], rewards: [1, -1, -1], thresholds: ['0.3400', '0.2200', '0.2600']
2026-03-28 01:26:08,729 - train - INFO - Epoch: 21, loss: 1.9314, lr: 0.010000, time: 4.23s
2026-03-28 01:26:40,812 - utils - INFO - GNN F1: 0.5613, Acc: 0.6354, Recall: 0.6934, AUC: 0.7644, AP: 0.3741
2026-03-28 01:26:40,812 - utils - INFO - Label F1: 0.5376, Acc: 0.6097, Recall: 0.6646, AUC: 0.7257, AP: 0.3110
2026-03-28 01:26:48,771 - utils - INFO - GNN F1: 0.5649, Acc: 0.6409, Recall: 0.6944, AUC: 0.7687, AP: 0.3792
2026-03-28 01:26:48,771 - utils - INFO - Label F1: 0.5423, Acc: 0.6154, Recall: 0.6693, AUC: 0.7314, AP: 0.3168
2026-03-28 01:26:48,771 - train - INFO - Validation AUC: 0.7687
2026-03-28 01:26:48,780 - utils - INFO - Checkpoint saved to checkpoints\best_CARE_yelp.pt
2026-03-28 01:26:48,780 - train - INFO - New best model saved (AUC: 0.7687)
2026-03-28 01:26:49,944 - layers - INFO - RL update - scores: ['0.0073', '0.0130', '0.0166'], rewards: [-1, -1, -1], thresholds: ['0.3200', '0.2000', '0.2400']
2026-03-28 01:26:52,754 - train - INFO - Epoch: 22, loss: 1.9351, lr: 0.010000, time: 3.97s
2026-03-28 01:26:53,965 - layers - INFO - RL update - scores: ['0.0064', '0.0121', '0.0159'], rewards: [1, 1, 1], thresholds: ['0.3400', '0.2200', '0.2600']
2026-03-28 01:26:57,148 - train - INFO - Epoch: 23, loss: 1.9326, lr: 0.010000, time: 4.39s
2026-03-28 01:26:58,434 - layers - INFO - RL update - scores: ['0.0080', '0.0132', '0.0169'], rewards: [-1, -1, -1], thresholds: ['0.3200', '0.2000', '0.2400']
2026-03-28 01:27:01,328 - train - INFO - Epoch: 24, loss: 1.9385, lr: 0.010000, time: 4.18s
2026-03-28 01:27:32,022 - utils - INFO - GNN F1: 0.6261, Acc: 0.7457, Recall: 0.6946, AUC: 0.7636, AP: 0.3691
2026-03-28 01:27:32,022 - utils - INFO - Label F1: 0.4388, Acc: 0.4635, Recall: 0.6352, AUC: 0.7282, AP: 0.3134
2026-03-28 01:27:40,575 - utils - INFO - GNN F1: 0.6260, Acc: 0.7454, Recall: 0.6945, AUC: 0.7679, AP: 0.3751
2026-03-28 01:27:40,576 - utils - INFO - Label F1: 0.4472, Acc: 0.4739, Recall: 0.6422, AUC: 0.7332, AP: 0.3192
2026-03-28 01:27:40,576 - train - INFO - Validation AUC: 0.7679
2026-03-28 01:27:41,774 - layers - INFO - RL update - scores: ['0.0069', '0.0128', '0.0170'], rewards: [1, 1, -1], thresholds: ['0.3400', '0.2200', '0.2200']
2026-03-28 01:27:44,460 - train - INFO - Epoch: 25, loss: 1.9299, lr: 0.010000, time: 3.88s
2026-03-28 01:27:45,631 - layers - INFO - RL update - scores: ['0.0075', '0.0138', '0.0159'], rewards: [-1, -1, 1], thresholds: ['0.3200', '0.2000', '0.2400']
2026-03-28 01:27:48,585 - train - INFO - Epoch: 26, loss: 1.9419, lr: 0.010000, time: 4.12s
2026-03-28 01:27:50,084 - layers - INFO - RL update - scores: ['0.0072', '0.0133', '0.0169'], rewards: [1, 1, -1], thresholds: ['0.3400', '0.2200', '0.2200']
2026-03-28 01:27:52,946 - train - INFO - Epoch: 27, loss: 1.9225, lr: 0.010000, time: 4.36s
2026-03-28 01:28:24,717 - utils - INFO - GNN F1: 0.6098, Acc: 0.7132, Recall: 0.7015, AUC: 0.7660, AP: 0.3779
2026-03-28 01:28:24,717 - utils - INFO - Label F1: 0.6144, Acc: 0.7627, Recall: 0.6506, AUC: 0.7304, AP: 0.3151
2026-03-28 01:28:32,436 - utils - INFO - GNN F1: 0.6110, Acc: 0.7150, Recall: 0.7019, AUC: 0.7705, AP: 0.3819
2026-03-28 01:28:32,436 - utils - INFO - Label F1: 0.6150, Acc: 0.7648, Recall: 0.6496, AUC: 0.7347, AP: 0.3204
2026-03-28 01:28:32,436 - train - INFO - Validation AUC: 0.7705
2026-03-28 01:28:32,445 - utils - INFO - Checkpoint saved to checkpoints\best_CARE_yelp.pt
2026-03-28 01:28:32,445 - train - INFO - New best model saved (AUC: 0.7705)
2026-03-28 01:28:33,568 - layers - INFO - RL update - scores: ['0.0081', '0.0146', '0.0171'], rewards: [-1, -1, -1], thresholds: ['0.3200', '0.2000', '0.2000']
2026-03-28 01:28:36,268 - train - INFO - Epoch: 28, loss: 1.9271, lr: 0.010000, time: 3.82s
2026-03-28 01:28:37,613 - layers - INFO - RL update - scores: ['0.0079', '0.0139', '0.0157'], rewards: [1, 1, 1], thresholds: ['0.3400', '0.2200', '0.2200']
2026-03-28 01:28:40,304 - train - INFO - Epoch: 29, loss: 1.9353, lr: 0.010000, time: 4.03s
2026-03-28 01:28:42,024 - layers - INFO - RL update - scores: ['0.0087', '0.0151', '0.0171'], rewards: [-1, -1, -1], thresholds: ['0.3200', '0.2000', '0.2000']
2026-03-28 01:28:45,015 - train - INFO - Epoch: 30, loss: 1.9148, lr: 0.010000, time: 4.71s
2026-03-28 01:29:15,947 - utils - INFO - GNN F1: 0.5830, Acc: 0.6701, Recall: 0.6974, AUC: 0.7646, AP: 0.3725
2026-03-28 01:29:15,947 - utils - INFO - Label F1: 0.5498, Acc: 0.6269, Recall: 0.6720, AUC: 0.7325, AP: 0.3173
2026-03-28 01:29:23,632 - utils - INFO - GNN F1: 0.5855, Acc: 0.6736, Recall: 0.6987, AUC: 0.7693, AP: 0.3778
2026-03-28 01:29:23,632 - utils - INFO - Label F1: 0.5580, Acc: 0.6363, Recall: 0.6809, AUC: 0.7362, AP: 0.3224
2026-03-28 01:29:23,632 - train - INFO - Validation AUC: 0.7693
2026-03-28 01:29:23,633 - train - INFO - Training complete.
2026-03-28 01:29:23,777 - __main__ - INFO - Experiment CARE-GNN (original RL) completed in 589.5s
2026-03-28 01:29:23,777 - __main__ - INFO - Best GNN AUC: 0.7659924485063468
2026-03-28 01:29:23,777 - __main__ - INFO - 
============================================================
2026-03-28 01:29:23,777 - __main__ - INFO - Running experiment: CAPN (policy network)
2026-03-28 01:29:23,777 - __main__ - INFO - ============================================================
2026-03-28 01:29:23,778 - __main__ - INFO - Config: {'model': 'CARE', 'use_capn': True}
2026-03-28 01:29:23,778 - train - INFO - Using device: cuda
2026-03-28 01:29:23,781 - utils - INFO - Random seed set to 72
2026-03-28 01:29:28,071 - utils - INFO - Loaded yelp dataset: 45954 nodes, 32 features
2026-03-28 01:29:28,106 - train - INFO - Split: train=11488, val=6893, test=27573
2026-03-28 01:29:28,126 - train - INFO - Model: CARE, Inter-AGG: GNN, emb_size: 64
2026-03-28 01:29:28,142 - train - INFO - CAPN mode enabled: policy_hidden=64, policy_lr=0.001, lambda_policy=0.1
2026-03-28 01:29:28,144 - train - INFO - Dual optimizer: GNN params=3618, Policy params=4710
2026-03-28 01:29:35,747 - train - INFO - Epoch: 0, loss: 2.0797, lr: 0.010000, time: 7.60s
2026-03-28 01:30:34,308 - utils - INFO - GNN F1: 0.5797, Acc: 0.8263, Recall: 0.5698, AUC: 0.6728, AP: 0.2744
2026-03-28 01:30:34,308 - utils - INFO - Label F1: 0.4608, Acc: 0.8547, Recall: 0.5000, AUC: 0.6259, AP: 0.2226
2026-03-28 01:30:48,434 - utils - INFO - GNN F1: 0.5695, Acc: 0.8250, Recall: 0.5609, AUC: 0.6633, AP: 0.2670
2026-03-28 01:30:48,435 - utils - INFO - Label F1: 0.4609, Acc: 0.8551, Recall: 0.5000, AUC: 0.6113, AP: 0.2220
2026-03-28 01:30:48,435 - train - INFO - Validation AUC: 0.6633
2026-03-28 01:30:48,446 - utils - INFO - Checkpoint saved to checkpoints\best_CARE_yelp.pt
2026-03-28 01:30:48,446 - train - INFO - New best model saved (AUC: 0.6633)
2026-03-28 01:30:56,298 - train - INFO - Epoch: 1, loss: 2.0760, lr: 0.010000, time: 7.85s
2026-03-28 01:31:03,391 - train - INFO - Epoch: 2, loss: 2.0673, lr: 0.010000, time: 7.09s
2026-03-28 01:31:10,724 - train - INFO - Epoch: 3, loss: 2.0594, lr: 0.010000, time: 7.33s
2026-03-28 01:32:09,728 - utils - INFO - GNN F1: 0.6031, Acc: 0.7364, Recall: 0.6560, AUC: 0.7260, AP: 0.3280
2026-03-28 01:32:09,729 - utils - INFO - Label F1: 0.1863, Acc: 0.1937, Recall: 0.5243, AUC: 0.7087, AP: 0.2932
2026-03-28 01:32:24,503 - utils - INFO - GNN F1: 0.6087, Acc: 0.7411, Recall: 0.6618, AUC: 0.7247, AP: 0.3227
2026-03-28 01:32:24,503 - utils - INFO - Label F1: 0.1877, Acc: 0.1948, Recall: 0.5256, AUC: 0.7089, AP: 0.2991
2026-03-28 01:32:24,504 - train - INFO - Validation AUC: 0.7247
2026-03-28 01:32:24,516 - utils - INFO - Checkpoint saved to checkpoints\best_CARE_yelp.pt
2026-03-28 01:32:24,516 - train - INFO - New best model saved (AUC: 0.7247)
2026-03-28 01:32:32,312 - train - INFO - Epoch: 4, loss: 2.0507, lr: 0.010000, time: 7.79s
2026-03-28 01:32:39,737 - train - INFO - Epoch: 5, loss: 2.0370, lr: 0.010000, time: 7.42s
2026-03-28 01:32:47,226 - train - INFO - Epoch: 6, loss: 2.0231, lr: 0.010000, time: 7.48s
2026-03-28 01:33:45,699 - utils - INFO - GNN F1: 0.5524, Acc: 0.6311, Recall: 0.6728, AUC: 0.7399, AP: 0.3442
2026-03-28 01:33:45,700 - utils - INFO - Label F1: 0.4932, Acc: 0.5400, Recall: 0.6543, AUC: 0.7251, AP: 0.3106
2026-03-28 01:34:00,200 - utils - INFO - GNN F1: 0.5582, Acc: 0.6385, Recall: 0.6778, AUC: 0.7406, AP: 0.3415
2026-03-28 01:34:00,200 - utils - INFO - Label F1: 0.4997, Acc: 0.5489, Recall: 0.6587, AUC: 0.7274, AP: 0.3172
2026-03-28 01:34:00,200 - train - INFO - Validation AUC: 0.7406
2026-03-28 01:34:00,211 - utils - INFO - Checkpoint saved to checkpoints\best_CARE_yelp.pt
2026-03-28 01:34:00,212 - train - INFO - New best model saved (AUC: 0.7406)
2026-03-28 01:34:07,465 - train - INFO - Epoch: 7, loss: 2.0092, lr: 0.010000, time: 7.25s
2026-03-28 01:34:15,344 - train - INFO - Epoch: 8, loss: 1.9841, lr: 0.010000, time: 7.87s
2026-03-28 01:34:22,549 - train - INFO - Epoch: 9, loss: 1.9647, lr: 0.010000, time: 7.20s
2026-03-28 01:35:21,501 - utils - INFO - GNN F1: 0.5870, Acc: 0.6854, Recall: 0.6838, AUC: 0.7481, AP: 0.3565
2026-03-28 01:35:21,502 - utils - INFO - Label F1: 0.5114, Acc: 0.5666, Recall: 0.6618, AUC: 0.7311, AP: 0.3184
2026-03-28 01:35:36,565 - utils - INFO - GNN F1: 0.5930, Acc: 0.6912, Recall: 0.6907, AUC: 0.7500, AP: 0.3551
2026-03-28 01:35:36,565 - utils - INFO - Label F1: 0.5160, Acc: 0.5733, Recall: 0.6640, AUC: 0.7348, AP: 0.3258
2026-03-28 01:35:36,566 - train - INFO - Validation AUC: 0.7500
2026-03-28 01:35:36,577 - utils - INFO - Checkpoint saved to checkpoints\best_CARE_yelp.pt
2026-03-28 01:35:36,577 - train - INFO - New best model saved (AUC: 0.7500)
2026-03-28 01:35:43,740 - train - INFO - Epoch: 10, loss: 1.9432, lr: 0.010000, time: 7.16s
2026-03-28 01:35:50,985 - train - INFO - Epoch: 11, loss: 1.9131, lr: 0.010000, time: 7.24s
2026-03-28 01:35:58,767 - train - INFO - Epoch: 12, loss: 1.9212, lr: 0.010000, time: 7.78s
2026-03-28 01:36:56,002 - utils - INFO - GNN F1: 0.5730, Acc: 0.6580, Recall: 0.6884, AUC: 0.7556, AP: 0.3682
2026-03-28 01:36:56,002 - utils - INFO - Label F1: 0.5702, Acc: 0.6614, Recall: 0.6749, AUC: 0.7346, AP: 0.3223
2026-03-28 01:37:11,034 - utils - INFO - GNN F1: 0.5778, Acc: 0.6645, Recall: 0.6913, AUC: 0.7581, AP: 0.3686
2026-03-28 01:37:11,034 - utils - INFO - Label F1: 0.5786, Acc: 0.6712, Recall: 0.6825, AUC: 0.7386, AP: 0.3300
2026-03-28 01:37:11,035 - train - INFO - Validation AUC: 0.7581
2026-03-28 01:37:11,045 - utils - INFO - Checkpoint saved to checkpoints\best_CARE_yelp.pt
2026-03-28 01:37:11,046 - train - INFO - New best model saved (AUC: 0.7581)
2026-03-28 01:37:18,182 - train - INFO - Epoch: 13, loss: 1.8875, lr: 0.010000, time: 7.13s
2026-03-28 01:37:25,661 - train - INFO - Epoch: 14, loss: 1.8599, lr: 0.010000, time: 7.47s
2026-03-28 01:37:33,363 - train - INFO - Epoch: 15, loss: 1.8616, lr: 0.010000, time: 7.70s
