2026-04-02 20:00:42,075 - __main__ - INFO - Logging to logs\train_20260402_200042.log
2026-04-02 20:00:42,075 - __main__ - INFO - Arguments: {'data': 'amazon', 'model': 'CARE', 'inter': 'GNN', 'batch_size': 256, 'lr': 0.01, 'lambda_1': 2, 'lambda_2': 0.001, 'emb_size': 64, 'num_epochs': 2, 'test_epochs': 3, 'under_sample': 1, 'step_size': 0.02, 'dropout': 0.6, 'device': 'auto', 'seed': 72, 'grad_clip': 1.0, 'patience': 10, 'use_lr_scheduler': True, 'lr_scheduler_patience': 5, 'lr_scheduler_factor': 0.5, 'val_size': 0.15, 'use_validation': True, 'checkpoint_dir': 'checkpoints', 'save_best': True, 'num_layers': 1, 'loss': 'ce', 'sage_num_samples': 5, 'rl_patience': 5, 'rl_epsilon': 0.0001, 'use_capn': True, 'policy_lr': 0.001, 'policy_hidden': 64, 'lambda_policy': 0.1, 'reward_w1': 0.5, 'reward_w2': 0.3, 'reward_w3': 0.2, 'gamma_init': 0.7, 'policy_grad_clip': 5.0, 'llm_priors_file': '', 'use_llm_state': False, 'llm_embedding_path': 'llm_embeddings/llm_semantic_embeddings.pt', 'llm_projection_dim': 16}
2026-04-02 20:00:42,100 - __main__ - INFO - Using device: cuda
2026-04-02 20:00:42,103 - utils - INFO - Random seed set to 72
2026-04-02 20:00:42,104 - utils - INFO - Loading cached labels/features from amz_labels.npy, amz_features.npy
2026-04-02 20:00:47,924 - utils - INFO - Loaded amazon dataset: 11944 nodes, 25 features
2026-04-02 20:00:47,930 - __main__ - INFO - Split: train=2159, val=1296, test=5184
2026-04-02 20:00:47,930 - __main__ - INFO - CE loss class weights: [0.5524564994882293, 5.265853658536585]
2026-04-02 20:00:48,018 - __main__ - INFO - Model: CARE, Inter-AGG: GNN, emb_size: 64
2026-04-02 20:00:48,023 - __main__ - INFO - Policy network state_dim=30
2026-04-02 20:00:48,023 - __main__ - INFO - CAPN mode enabled: policy_hidden=64, policy_lr=0.001, lambda_policy=0.1
2026-04-02 20:00:50,286 - __main__ - INFO - Dual optimizer: GNN params=2946, Policy params=4262
2026-04-02 20:01:24,674 - __main__ - INFO - Epoch: 0, loss: 2.0024, lr: 0.010000, time: 34.38s
2026-04-02 20:12:33,180 - utils - INFO - GNN F1: 0.0871, Acc: 0.0956, Recall: 0.5000, AUC: 0.1264, AP: 0.0519
2026-04-02 20:12:33,180 - utils - INFO - Label F1: 0.0871, Acc: 0.0956, Recall: 0.5000, AUC: 0.2903, AP: 0.0621
2026-04-02 20:15:10,398 - utils - INFO - GNN F1: 0.0902, Acc: 0.0996, Recall: 0.5000, AUC: 0.1675, AP: 0.0544
2026-04-02 20:15:10,399 - utils - INFO - Label F1: 0.0902, Acc: 0.0996, Recall: 0.5000, AUC: 0.3645, AP: 0.0720
2026-04-02 20:15:10,399 - __main__ - INFO - Validation AUC: 0.1675
2026-04-02 20:15:10,407 - utils - INFO - Checkpoint saved to checkpoints\best_CARE_amazon.pt
2026-04-02 20:15:10,407 - __main__ - INFO - New best model saved (AUC: 0.1675)
2026-04-02 20:15:40,619 - __main__ - INFO - Epoch: 1, loss: 1.6560, lr: 0.010000, time: 30.21s
2026-04-02 20:15:40,620 - __main__ - INFO - Training complete.
