2026-04-04 00:58:59,130 - __main__ - INFO - Logging to logs\train_20260404_005859.log
2026-04-04 00:58:59,130 - __main__ - INFO - Arguments: {'data': 'amazon', 'model': 'CARE', 'inter': 'GNN', 'batch_size': 256, 'lr': 0.01, 'lambda_1': 2, 'lambda_2': 0.001, 'emb_size': 64, 'num_epochs': 2, 'test_epochs': 3, 'under_sample': 1, 'step_size': 0.02, 'dropout': 0.6, 'device': 'cpu', 'seed': 72, 'grad_clip': 1.0, 'patience': 10, 'use_lr_scheduler': True, 'lr_scheduler_patience': 5, 'lr_scheduler_factor': 0.5, 'val_size': 0.15, 'use_validation': True, 'checkpoint_dir': 'checkpoints', 'save_best': True, 'num_layers': 1, 'loss': 'ce', 'sage_num_samples': 5, 'rl_patience': 5, 'rl_epsilon': 0.0001, 'use_capn': True, 'policy_lr': 0.001, 'policy_hidden': 64, 'lambda_policy': 0.1, 'reward_w1': 0.5, 'reward_w2': 0.3, 'reward_w3': 0.2, 'gamma_init': 0.7, 'policy_grad_clip': 5.0, 'llm_priors_file': '', 'use_mlp_label': False, 'use_llm_state': False, 'llm_embedding_path': None, 'llm_projection_dim': 16, 'enrichment_mode': 'structural', 'graph_features_path': '', 'risk_scores_path': '', 'structural_projection_dim': 16}
2026-04-04 00:58:59,130 - __main__ - INFO - Using device: cpu
2026-04-04 00:58:59,156 - utils - INFO - Random seed set to 72
2026-04-04 00:58:59,156 - utils - INFO - Loading cached labels/features from amz_labels.npy, amz_features.npy
2026-04-04 00:59:04,628 - utils - INFO - Loaded amazon dataset: 11944 nodes, 25 features
2026-04-04 00:59:04,634 - __main__ - INFO - Split: train=2159, val=1296, test=5184
2026-04-04 00:59:04,641 - __main__ - INFO - Model: CARE, Inter-AGG: GNN, emb_size: 64
2026-04-04 00:59:04,641 - __main__ - INFO - Using MLP label predictor (hidden=12)
2026-04-04 00:59:04,650 - __main__ - INFO - Loaded graph structural features: torch.Size([11944, 26])
2026-04-04 00:59:04,650 - __main__ - INFO - Enrichment projector: 26 -> 16
2026-04-04 00:59:04,654 - __main__ - INFO - Policy network state_dim=46
2026-04-04 00:59:04,654 - __main__ - INFO - CAPN mode enabled: policy_hidden=64, policy_lr=0.001, lambda_policy=0.1
2026-04-04 00:59:06,329 - __main__ - INFO - Dual optimizer: GNN params=2946, Policy params=7538
2026-04-04 00:59:33,320 - __main__ - INFO - Epoch: 0, loss: 2.0723, lr: 0.010000, time: 26.99s
2026-04-04 01:08:31,929 - utils - INFO - GNN F1: 0.8812, Acc: 0.9637, Recall: 0.8389, AUC: 0.8961, AP: 0.7855
2026-04-04 01:08:31,930 - utils - INFO - Label F1: 0.3545, Acc: 0.3837, Recall: 0.6194, AUC: 0.8794, AP: 0.7773
2026-04-04 01:10:35,649 - utils - INFO - GNN F1: 0.8649, Acc: 0.9635, Recall: 0.8244, AUC: 0.8699, AP: 0.7397
2026-04-04 01:10:35,649 - utils - INFO - Label F1: 0.3335, Acc: 0.3574, Recall: 0.5919, AUC: 0.8386, AP: 0.7127
2026-04-04 01:10:35,649 - __main__ - INFO - Validation AUC: 0.8699
2026-04-04 01:10:35,653 - utils - INFO - Checkpoint saved to checkpoints\best_CARE_amazon.pt
2026-04-04 01:10:35,653 - __main__ - INFO - New best model saved (AUC: 0.8699)
2026-04-04 01:10:55,105 - __main__ - INFO - Epoch: 1, loss: 1.9495, lr: 0.010000, time: 19.45s
2026-04-04 01:10:55,105 - __main__ - INFO - Training complete.
