2026-04-02 23:44:05,320 - __main__ - INFO - 

Starting study: capn
2026-04-02 23:44:05,320 - __main__ - INFO - 
============================================================
2026-04-02 23:44:05,320 - __main__ - INFO - Running experiment: CARE-GNN (original RL)
2026-04-02 23:44:05,320 - __main__ - INFO - ============================================================
2026-04-02 23:44:05,321 - __main__ - INFO - Config: {'model': 'CARE', 'use_capn': False}
2026-04-02 23:44:06,553 - train - INFO - Using device: cuda
2026-04-02 23:44:06,555 - utils - INFO - Random seed set to 72
2026-04-02 23:44:06,556 - utils - INFO - Loading cached labels/features from yelp_labels.npy, yelp_features.npy
2026-04-02 23:44:11,062 - utils - INFO - Loaded yelp dataset: 45954 nodes, 32 features
2026-04-02 23:44:11,089 - train - INFO - Split: train=11488, val=6893, test=27573
2026-04-02 23:44:11,091 - train - INFO - CE loss class weights: [0.5849882880130359, 3.4415817855002997]
2026-04-02 23:44:11,165 - train - INFO - Model: CARE, Inter-AGG: GNN, emb_size: 64
2026-04-02 23:44:16,503 - train - INFO - Epoch: 0, loss: 2.0636, lr: 0.010000, time: 4.12s
2026-04-02 23:44:48,712 - utils - INFO - GNN F1: 0.1268, Acc: 0.1453, Recall: 0.5000, AUC: 0.6096, AP: 0.2312
2026-04-02 23:44:48,712 - utils - INFO - Label F1: 0.2960, Acc: 0.2996, Recall: 0.5035, AUC: 0.5196, AP: 0.1573
2026-04-02 23:44:56,530 - utils - INFO - GNN F1: 0.1265, Acc: 0.1449, Recall: 0.5000, AUC: 0.6286, AP: 0.2473
2026-04-02 23:44:56,530 - utils - INFO - Label F1: 0.3023, Acc: 0.3059, Recall: 0.5159, AUC: 0.5361, AP: 0.1610
2026-04-02 23:44:56,530 - train - INFO - Validation AUC: 0.6286
2026-04-02 23:44:56,541 - utils - INFO - Checkpoint saved to checkpoints\best_CARE_yelp.pt
2026-04-02 23:44:56,541 - train - INFO - New best model saved (AUC: 0.6286)
2026-04-02 23:45:00,991 - train - INFO - Epoch: 1, loss: 1.7902, lr: 0.010000, time: 4.45s
2026-04-02 23:45:02,216 - layers - INFO - RL update - scores: ['0.0013', '0.0034', '0.0036'], rewards: [-1, -1, 1], thresholds: ['0.4800', '0.4800', '0.5200']
2026-04-02 23:45:04,920 - train - INFO - Epoch: 2, loss: 1.6628, lr: 0.010000, time: 3.93s
2026-04-02 23:45:06,108 - layers - INFO - RL update - scores: ['0.0013', '0.0033', '0.0037'], rewards: [-1, 1, -1], thresholds: ['0.4600', '0.5000', '0.5000']
2026-04-02 23:45:09,097 - train - INFO - Epoch: 3, loss: 1.5846, lr: 0.010000, time: 4.17s
2026-04-02 23:45:41,677 - utils - INFO - GNN F1: 0.1268, Acc: 0.1453, Recall: 0.5000, AUC: 0.6447, AP: 0.2574
2026-04-02 23:45:41,677 - utils - INFO - Label F1: 0.1268, Acc: 0.1453, Recall: 0.5000, AUC: 0.5204, AP: 0.1577
2026-04-02 23:45:49,413 - utils - INFO - GNN F1: 0.1265, Acc: 0.1449, Recall: 0.5000, AUC: 0.6657, AP: 0.2733
2026-04-02 23:45:49,413 - utils - INFO - Label F1: 0.1265, Acc: 0.1449, Recall: 0.5000, AUC: 0.5369, AP: 0.1614
2026-04-02 23:45:49,414 - train - INFO - Validation AUC: 0.6657
2026-04-02 23:45:49,423 - utils - INFO - Checkpoint saved to checkpoints\best_CARE_yelp.pt
2026-04-02 23:45:49,423 - train - INFO - New best model saved (AUC: 0.6657)
2026-04-02 23:45:50,624 - layers - INFO - RL update - scores: ['0.0013', '0.0034', '0.0037'], rewards: [-1, -1, -1], thresholds: ['0.4400', '0.4800', '0.4800']
2026-04-02 23:45:53,994 - train - INFO - Epoch: 4, loss: 1.5190, lr: 0.010000, time: 4.57s
2026-04-02 23:45:55,224 - layers - INFO - RL update - scores: ['0.0013', '0.0033', '0.0035'], rewards: [1, 1, 1], thresholds: ['0.4600', '0.5000', '0.5000']
2026-04-02 23:45:58,269 - train - INFO - Epoch: 5, loss: 1.4343, lr: 0.010000, time: 4.27s
2026-04-02 23:45:59,521 - layers - INFO - RL update - scores: ['0.0013', '0.0033', '0.0035'], rewards: [1, -1, -1], thresholds: ['0.4800', '0.4800', '0.4800']
2026-04-02 23:46:02,680 - train - INFO - Epoch: 6, loss: 1.3784, lr: 0.010000, time: 4.41s
2026-04-02 23:46:34,863 - utils - INFO - GNN F1: 0.1268, Acc: 0.1453, Recall: 0.5000, AUC: 0.7013, AP: 0.3082
2026-04-02 23:46:34,864 - utils - INFO - Label F1: 0.1268, Acc: 0.1453, Recall: 0.5000, AUC: 0.5233, AP: 0.1591
2026-04-02 23:46:43,144 - utils - INFO - GNN F1: 0.1265, Acc: 0.1449, Recall: 0.5000, AUC: 0.7170, AP: 0.3172
2026-04-02 23:46:43,145 - utils - INFO - Label F1: 0.1265, Acc: 0.1449, Recall: 0.5000, AUC: 0.5397, AP: 0.1628
2026-04-02 23:46:43,145 - train - INFO - Validation AUC: 0.7170
2026-04-02 23:46:43,155 - utils - INFO - Checkpoint saved to checkpoints\best_CARE_yelp.pt
2026-04-02 23:46:43,155 - train - INFO - New best model saved (AUC: 0.7170)
2026-04-02 23:46:44,406 - layers - INFO - RL update - scores: ['0.0013', '0.0033', '0.0035'], rewards: [-1, -1, -1], thresholds: ['0.4600', '0.4600', '0.4600']
2026-04-02 23:46:47,620 - train - INFO - Epoch: 7, loss: 1.3522, lr: 0.010000, time: 4.46s
2026-04-02 23:46:48,906 - layers - INFO - RL update - scores: ['0.0013', '0.0032', '0.0034'], rewards: [-1, 1, 1], thresholds: ['0.4400', '0.4800', '0.4800']
2026-04-02 23:46:52,497 - train - INFO - Epoch: 8, loss: 1.3184, lr: 0.010000, time: 4.87s
2026-04-02 23:46:53,731 - layers - INFO - RL update - scores: ['0.0013', '0.0032', '0.0035'], rewards: [1, -1, -1], thresholds: ['0.4600', '0.4600', '0.4600']
2026-04-02 23:46:56,620 - train - INFO - Epoch: 9, loss: 1.2928, lr: 0.010000, time: 4.12s
2026-04-02 23:47:28,934 - utils - INFO - GNN F1: 0.1268, Acc: 0.1453, Recall: 0.5000, AUC: 0.7217, AP: 0.3262
2026-04-02 23:47:28,934 - utils - INFO - Label F1: 0.1268, Acc: 0.1453, Recall: 0.5000, AUC: 0.5320, AP: 0.1633
2026-04-02 23:47:37,455 - utils - INFO - GNN F1: 0.1265, Acc: 0.1449, Recall: 0.5000, AUC: 0.7349, AP: 0.3327
2026-04-02 23:47:37,455 - utils - INFO - Label F1: 0.1265, Acc: 0.1449, Recall: 0.5000, AUC: 0.5485, AP: 0.1672
2026-04-02 23:47:37,456 - train - INFO - Validation AUC: 0.7349
2026-04-02 23:47:37,465 - utils - INFO - Checkpoint saved to checkpoints\best_CARE_yelp.pt
2026-04-02 23:47:37,465 - train - INFO - New best model saved (AUC: 0.7349)
2026-04-02 23:47:38,712 - layers - INFO - RL update - scores: ['0.0013', '0.0033', '0.0034'], rewards: [-1, -1, 1], thresholds: ['0.4400', '0.4400', '0.4800']
2026-04-02 23:47:41,683 - train - INFO - Epoch: 10, loss: 1.2615, lr: 0.010000, time: 4.22s
2026-04-02 23:47:43,240 - layers - INFO - RL update - scores: ['0.0014', '0.0031', '0.0035'], rewards: [-1, 1, -1], thresholds: ['0.4200', '0.4600', '0.4600']
2026-04-02 23:47:46,171 - train - INFO - Epoch: 11, loss: 1.2572, lr: 0.010000, time: 4.49s
2026-04-02 23:47:47,380 - layers - INFO - RL update - scores: ['0.0012', '0.0033', '0.0035'], rewards: [1, -1, -1], thresholds: ['0.4400', '0.4400', '0.4400']
2026-04-02 23:47:50,085 - train - INFO - Epoch: 12, loss: 1.2593, lr: 0.010000, time: 3.91s
2026-04-02 23:48:21,928 - utils - INFO - GNN F1: 0.1268, Acc: 0.1453, Recall: 0.5000, AUC: 0.7303, AP: 0.3316
2026-04-02 23:48:21,928 - utils - INFO - Label F1: 0.1268, Acc: 0.1453, Recall: 0.5000, AUC: 0.5488, AP: 0.1716
2026-04-02 23:48:30,493 - utils - INFO - GNN F1: 0.1265, Acc: 0.1449, Recall: 0.5000, AUC: 0.7405, AP: 0.3359
2026-04-02 23:48:30,493 - utils - INFO - Label F1: 0.1265, Acc: 0.1449, Recall: 0.5000, AUC: 0.5656, AP: 0.1761
2026-04-02 23:48:30,494 - train - INFO - Validation AUC: 0.7405
2026-04-02 23:48:30,504 - utils - INFO - Checkpoint saved to checkpoints\best_CARE_yelp.pt
2026-04-02 23:48:30,504 - train - INFO - New best model saved (AUC: 0.7405)
2026-04-02 23:48:31,699 - layers - INFO - RL update - scores: ['0.0013', '0.0032', '0.0033'], rewards: [-1, 1, 1], thresholds: ['0.4200', '0.4600', '0.4600']
2026-04-02 23:48:35,010 - train - INFO - Epoch: 13, loss: 1.2467, lr: 0.010000, time: 4.50s
2026-04-02 23:48:36,934 - layers - INFO - RL update - scores: ['0.0013', '0.0034', '0.0035'], rewards: [-1, -1, -1], thresholds: ['0.4000', '0.4400', '0.4400']
2026-04-02 23:48:39,727 - train - INFO - Epoch: 14, loss: 1.2527, lr: 0.010000, time: 4.71s
2026-04-02 23:48:41,128 - layers - INFO - RL update - scores: ['0.0013', '0.0033', '0.0034'], rewards: [1, 1, 1], thresholds: ['0.4200', '0.4600', '0.4600']
2026-04-02 23:48:44,051 - train - INFO - Epoch: 15, loss: 1.2218, lr: 0.010000, time: 4.32s
2026-04-02 23:49:16,535 - utils - INFO - GNN F1: 0.1268, Acc: 0.1453, Recall: 0.5000, AUC: 0.7327, AP: 0.3320
2026-04-02 23:49:16,536 - utils - INFO - Label F1: 0.1268, Acc: 0.1453, Recall: 0.5000, AUC: 0.5720, AP: 0.1836
2026-04-02 23:49:24,897 - utils - INFO - GNN F1: 0.1265, Acc: 0.1449, Recall: 0.5000, AUC: 0.7411, AP: 0.3358
2026-04-02 23:49:24,897 - utils - INFO - Label F1: 0.1265, Acc: 0.1449, Recall: 0.5000, AUC: 0.5894, AP: 0.1893
2026-04-02 23:49:24,898 - train - INFO - Validation AUC: 0.7411
2026-04-02 23:49:24,907 - utils - INFO - Checkpoint saved to checkpoints\best_CARE_yelp.pt
2026-04-02 23:49:24,907 - train - INFO - New best model saved (AUC: 0.7411)
2026-04-02 23:49:26,267 - layers - INFO - RL update - scores: ['0.0013', '0.0035', '0.0036'], rewards: [-1, -1, -1], thresholds: ['0.4000', '0.4400', '0.4400']
2026-04-02 23:49:29,241 - train - INFO - Epoch: 16, loss: 1.2345, lr: 0.010000, time: 4.33s
2026-04-02 23:49:30,805 - layers - INFO - RL update - scores: ['0.0014', '0.0035', '0.0036'], rewards: [-1, -1, -1], thresholds: ['0.3800', '0.4200', '0.4200']
2026-04-02 23:49:33,794 - train - INFO - Epoch: 17, loss: 1.2542, lr: 0.010000, time: 4.55s
2026-04-02 23:49:34,965 - layers - INFO - RL update - scores: ['0.0013', '0.0033', '0.0035'], rewards: [1, 1, 1], thresholds: ['0.4000', '0.4400', '0.4400']
2026-04-02 23:49:37,905 - train - INFO - Epoch: 18, loss: 1.2432, lr: 0.010000, time: 4.11s
2026-04-02 23:50:10,051 - utils - INFO - GNN F1: 0.1268, Acc: 0.1453, Recall: 0.5000, AUC: 0.7364, AP: 0.3323
2026-04-02 23:50:10,051 - utils - INFO - Label F1: 0.1268, Acc: 0.1453, Recall: 0.5000, AUC: 0.5996, AP: 0.1995
2026-04-02 23:50:18,451 - utils - INFO - GNN F1: 0.1265, Acc: 0.1449, Recall: 0.5000, AUC: 0.7433, AP: 0.3345
2026-04-02 23:50:18,451 - utils - INFO - Label F1: 0.1265, Acc: 0.1449, Recall: 0.5000, AUC: 0.6175, AP: 0.2064
2026-04-02 23:50:18,452 - train - INFO - Validation AUC: 0.7433
2026-04-02 23:50:18,460 - utils - INFO - Checkpoint saved to checkpoints\best_CARE_yelp.pt
2026-04-02 23:50:18,461 - train - INFO - New best model saved (AUC: 0.7433)
2026-04-02 23:50:19,725 - layers - INFO - RL update - scores: ['0.0015', '0.0036', '0.0037'], rewards: [-1, -1, -1], thresholds: ['0.3800', '0.4200', '0.4200']
2026-04-02 23:50:22,430 - train - INFO - Epoch: 19, loss: 1.2133, lr: 0.010000, time: 3.97s
2026-04-02 23:50:23,724 - layers - INFO - RL update - scores: ['0.0015', '0.0035', '0.0036'], rewards: [-1, 1, 1], thresholds: ['0.3600', '0.4400', '0.4400']
2026-04-02 23:50:26,858 - train - INFO - Epoch: 20, loss: 1.2004, lr: 0.010000, time: 4.43s
2026-04-02 23:50:28,084 - layers - INFO - RL update - scores: ['0.0014', '0.0037', '0.0039'], rewards: [1, -1, -1], thresholds: ['0.3800', '0.4200', '0.4200']
2026-04-02 23:50:31,080 - train - INFO - Epoch: 21, loss: 1.1734, lr: 0.010000, time: 4.22s
2026-04-02 23:51:03,515 - utils - INFO - GNN F1: 0.1268, Acc: 0.1453, Recall: 0.5000, AUC: 0.7437, AP: 0.3377
2026-04-02 23:51:03,515 - utils - INFO - Label F1: 0.1268, Acc: 0.1453, Recall: 0.5000, AUC: 0.6276, AP: 0.2174
2026-04-02 23:51:11,619 - utils - INFO - GNN F1: 0.1265, Acc: 0.1449, Recall: 0.5000, AUC: 0.7482, AP: 0.3392
2026-04-02 23:51:11,619 - utils - INFO - Label F1: 0.1265, Acc: 0.1449, Recall: 0.5000, AUC: 0.6454, AP: 0.2248
2026-04-02 23:51:11,619 - train - INFO - Validation AUC: 0.7482
2026-04-02 23:51:11,629 - utils - INFO - Checkpoint saved to checkpoints\best_CARE_yelp.pt
2026-04-02 23:51:11,630 - train - INFO - New best model saved (AUC: 0.7482)
2026-04-02 23:51:12,796 - layers - INFO - RL update - scores: ['0.0015', '0.0037', '0.0039'], rewards: [-1, -1, -1], thresholds: ['0.3600', '0.4000', '0.4000']
2026-04-02 23:51:15,829 - train - INFO - Epoch: 22, loss: 1.2040, lr: 0.010000, time: 4.20s
2026-04-02 23:51:16,990 - layers - INFO - RL update - scores: ['0.0015', '0.0036', '0.0038'], rewards: [-1, 1, 1], thresholds: ['0.3400', '0.4200', '0.4200']
2026-04-02 23:51:20,306 - train - INFO - Epoch: 23, loss: 1.1776, lr: 0.010000, time: 4.47s
2026-04-02 23:51:21,534 - layers - INFO - RL update - scores: ['0.0015', '0.0039', '0.0041'], rewards: [-1, -1, -1], thresholds: ['0.3200', '0.4000', '0.4000']
2026-04-02 23:51:24,494 - train - INFO - Epoch: 24, loss: 1.2000, lr: 0.010000, time: 4.19s
2026-04-02 23:51:57,040 - utils - INFO - GNN F1: 0.1268, Acc: 0.1453, Recall: 0.5000, AUC: 0.7463, AP: 0.3343
2026-04-02 23:51:57,041 - utils - INFO - Label F1: 0.1268, Acc: 0.1453, Recall: 0.5000, AUC: 0.6522, AP: 0.2345
2026-04-02 23:52:05,022 - utils - INFO - GNN F1: 0.1265, Acc: 0.1449, Recall: 0.5000, AUC: 0.7509, AP: 0.3386
2026-04-02 23:52:05,022 - utils - INFO - Label F1: 0.1265, Acc: 0.1449, Recall: 0.5000, AUC: 0.6693, AP: 0.2423
2026-04-02 23:52:05,022 - train - INFO - Validation AUC: 0.7509
2026-04-02 23:52:05,031 - utils - INFO - Checkpoint saved to checkpoints\best_CARE_yelp.pt
2026-04-02 23:52:05,032 - train - INFO - New best model saved (AUC: 0.7509)
2026-04-02 23:52:06,202 - layers - INFO - RL update - scores: ['0.0013', '0.0038', '0.0040'], rewards: [1, 1, 1], thresholds: ['0.3400', '0.4200', '0.4200']
2026-04-02 23:52:09,001 - train - INFO - Epoch: 25, loss: 1.2260, lr: 0.010000, time: 3.97s
2026-04-02 23:52:10,402 - layers - INFO - RL update - scores: ['0.0014', '0.0041', '0.0043'], rewards: [-1, -1, -1], thresholds: ['0.3200', '0.4000', '0.4000']
2026-04-02 23:52:13,690 - train - INFO - Epoch: 26, loss: 1.1951, lr: 0.010000, time: 4.69s
2026-04-02 23:52:14,937 - layers - INFO - RL update - scores: ['0.0013', '0.0040', '0.0042'], rewards: [1, 1, 1], thresholds: ['0.3400', '0.4200', '0.4200']
2026-04-02 23:52:18,052 - train - INFO - Epoch: 27, loss: 1.2263, lr: 0.010000, time: 4.36s
2026-04-02 23:52:50,545 - utils - INFO - GNN F1: 0.1269, Acc: 0.1454, Recall: 0.5001, AUC: 0.7526, AP: 0.3471
2026-04-02 23:52:50,545 - utils - INFO - Label F1: 0.1268, Acc: 0.1453, Recall: 0.5000, AUC: 0.6730, AP: 0.2504
2026-04-02 23:52:58,641 - utils - INFO - GNN F1: 0.1269, Acc: 0.1452, Recall: 0.5002, AUC: 0.7564, AP: 0.3498
2026-04-02 23:52:58,641 - utils - INFO - Label F1: 0.1265, Acc: 0.1449, Recall: 0.5000, AUC: 0.6889, AP: 0.2582
2026-04-02 23:52:58,641 - train - INFO - Validation AUC: 0.7564
2026-04-02 23:52:58,651 - utils - INFO - Checkpoint saved to checkpoints\best_CARE_yelp.pt
2026-04-02 23:52:58,651 - train - INFO - New best model saved (AUC: 0.7564)
2026-04-02 23:52:59,876 - layers - INFO - RL update - scores: ['0.0014', '0.0043', '0.0045'], rewards: [-1, -1, -1], thresholds: ['0.3200', '0.4000', '0.4000']
2026-04-02 23:53:02,952 - train - INFO - Epoch: 28, loss: 1.1947, lr: 0.010000, time: 4.30s
2026-04-02 23:53:04,366 - layers - INFO - RL update - scores: ['0.0014', '0.0043', '0.0046'], rewards: [-1, 1, -1], thresholds: ['0.3000', '0.4200', '0.3800']
2026-04-02 23:53:07,665 - train - INFO - Epoch: 29, loss: 1.1890, lr: 0.010000, time: 4.71s
2026-04-02 23:53:08,877 - layers - INFO - RL update - scores: ['0.0013', '0.0046', '0.0045'], rewards: [1, -1, 1], thresholds: ['0.3200', '0.4000', '0.4000']
2026-04-02 23:53:11,605 - train - INFO - Epoch: 30, loss: 1.1947, lr: 0.010000, time: 3.94s
2026-04-02 23:53:44,644 - utils - INFO - GNN F1: 0.1326, Acc: 0.1499, Recall: 0.5025, AUC: 0.7537, AP: 0.3448
2026-04-02 23:53:44,644 - utils - INFO - Label F1: 0.1268, Acc: 0.1453, Recall: 0.5000, AUC: 0.6897, AP: 0.2647
2026-04-02 23:53:52,763 - utils - INFO - GNN F1: 0.1317, Acc: 0.1489, Recall: 0.5024, AUC: 0.7574, AP: 0.3490
2026-04-02 23:53:52,764 - utils - INFO - Label F1: 0.1265, Acc: 0.1449, Recall: 0.5000, AUC: 0.7045, AP: 0.2731
2026-04-02 23:53:52,764 - train - INFO - Validation AUC: 0.7574
2026-04-02 23:53:52,774 - utils - INFO - Checkpoint saved to checkpoints\best_CARE_yelp.pt
2026-04-02 23:53:52,774 - train - INFO - New best model saved (AUC: 0.7574)
2026-04-02 23:53:52,774 - train - INFO - Training complete.
2026-04-02 23:53:52,902 - __main__ - INFO - Experiment CARE-GNN (original RL) completed in 587.6s
2026-04-02 23:53:52,902 - __main__ - INFO - Best GNN AUC: 0.7536941818570146
2026-04-02 23:53:52,903 - __main__ - INFO - 
============================================================
2026-04-02 23:53:52,903 - __main__ - INFO - Running experiment: CAPN (policy network)
2026-04-02 23:53:52,903 - __main__ - INFO - ============================================================
2026-04-02 23:53:52,904 - __main__ - INFO - Config: {'model': 'CARE', 'use_capn': True}
2026-04-02 23:53:52,904 - train - INFO - Using device: cuda
2026-04-02 23:53:52,906 - utils - INFO - Random seed set to 72
2026-04-02 23:53:52,906 - utils - INFO - Loading cached labels/features from yelp_labels.npy, yelp_features.npy
2026-04-02 23:53:57,135 - utils - INFO - Loaded yelp dataset: 45954 nodes, 32 features
2026-04-02 23:53:57,161 - train - INFO - Split: train=11488, val=6893, test=27573
2026-04-02 23:53:57,163 - train - INFO - CE loss class weights: [0.5849882880130359, 3.4415817855002997]
2026-04-02 23:53:57,187 - train - INFO - Model: CARE, Inter-AGG: GNN, emb_size: 64
2026-04-02 23:53:57,198 - train - INFO - Policy network state_dim=37
2026-04-02 23:53:57,199 - train - INFO - CAPN mode enabled: policy_hidden=64, policy_lr=0.001, lambda_policy=0.1
2026-04-02 23:53:57,200 - train - INFO - Dual optimizer: GNN params=3618, Policy params=4710
2026-04-02 23:54:14,548 - train - INFO - Epoch: 0, loss: 1.8188, lr: 0.010000, time: 17.33s
2026-04-02 23:56:31,849 - utils - INFO - GNN F1: 0.1268, Acc: 0.1453, Recall: 0.5000, AUC: 0.5372, AP: 0.1757
2026-04-02 23:56:31,850 - utils - INFO - Label F1: 0.1268, Acc: 0.1453, Recall: 0.5000, AUC: 0.4351, AP: 0.1251
2026-04-02 23:57:08,211 - utils - INFO - GNN F1: 0.1265, Acc: 0.1449, Recall: 0.5000, AUC: 0.5205, AP: 0.1636
2026-04-02 23:57:08,212 - utils - INFO - Label F1: 0.1265, Acc: 0.1449, Recall: 0.5000, AUC: 0.3957, AP: 0.1154
2026-04-02 23:57:08,212 - train - INFO - Validation AUC: 0.5205
2026-04-02 23:57:08,224 - utils - INFO - Checkpoint saved to checkpoints\best_CARE_yelp.pt
2026-04-02 23:57:08,224 - train - INFO - New best model saved (AUC: 0.5205)
2026-04-02 23:57:20,229 - train - INFO - Epoch: 1, loss: 1.4677, lr: 0.010000, time: 11.99s
2026-04-02 23:57:32,297 - train - INFO - Epoch: 2, loss: 1.3332, lr: 0.010000, time: 12.05s
2026-04-02 23:57:42,938 - train - INFO - Epoch: 3, loss: 1.2816, lr: 0.010000, time: 10.63s
2026-04-02 23:58:50,022 - utils - INFO - GNN F1: 0.1268, Acc: 0.1453, Recall: 0.5000, AUC: 0.5755, AP: 0.1979
2026-04-02 23:58:50,022 - utils - INFO - Label F1: 0.1268, Acc: 0.1453, Recall: 0.5000, AUC: 0.4718, AP: 0.1368
2026-04-02 23:59:06,674 - utils - INFO - GNN F1: 0.1265, Acc: 0.1449, Recall: 0.5000, AUC: 0.5652, AP: 0.1860
2026-04-02 23:59:06,674 - utils - INFO - Label F1: 0.1265, Acc: 0.1449, Recall: 0.5000, AUC: 0.4355, AP: 0.1273
2026-04-02 23:59:06,675 - train - INFO - Validation AUC: 0.5652
2026-04-02 23:59:06,685 - utils - INFO - Checkpoint saved to checkpoints\best_CARE_yelp.pt
2026-04-02 23:59:06,685 - train - INFO - New best model saved (AUC: 0.5652)
2026-04-02 23:59:16,967 - train - INFO - Epoch: 4, loss: 1.3215, lr: 0.010000, time: 10.28s
2026-04-02 23:59:27,835 - train - INFO - Epoch: 5, loss: 1.2845, lr: 0.010000, time: 10.86s
2026-04-02 23:59:37,259 - train - INFO - Epoch: 6, loss: 1.2514, lr: 0.010000, time: 9.42s
2026-04-03 00:00:45,505 - utils - INFO - GNN F1: 0.1268, Acc: 0.1453, Recall: 0.5000, AUC: 0.6463, AP: 0.2479
2026-04-03 00:00:45,505 - utils - INFO - Label F1: 0.1268, Acc: 0.1453, Recall: 0.5000, AUC: 0.6585, AP: 0.2378
2026-04-03 00:01:02,241 - utils - INFO - GNN F1: 0.1265, Acc: 0.1449, Recall: 0.5000, AUC: 0.6371, AP: 0.2321
2026-04-03 00:01:02,242 - utils - INFO - Label F1: 0.1265, Acc: 0.1449, Recall: 0.5000, AUC: 0.6345, AP: 0.2190
2026-04-03 00:01:02,242 - train - INFO - Validation AUC: 0.6371
2026-04-03 00:01:02,252 - utils - INFO - Checkpoint saved to checkpoints\best_CARE_yelp.pt
2026-04-03 00:01:02,253 - train - INFO - New best model saved (AUC: 0.6371)
2026-04-03 00:01:12,569 - train - INFO - Epoch: 7, loss: 1.2711, lr: 0.010000, time: 10.31s
2026-04-03 00:01:21,417 - train - INFO - Epoch: 8, loss: 1.2548, lr: 0.010000, time: 8.84s
2026-04-03 00:01:30,356 - train - INFO - Epoch: 9, loss: 1.2480, lr: 0.010000, time: 8.93s
2026-04-03 00:02:38,213 - utils - INFO - GNN F1: 0.1268, Acc: 0.1453, Recall: 0.5000, AUC: 0.6968, AP: 0.2890
2026-04-03 00:02:38,214 - utils - INFO - Label F1: 0.1268, Acc: 0.1453, Recall: 0.5000, AUC: 0.7273, AP: 0.3028
2026-04-03 00:02:55,052 - utils - INFO - GNN F1: 0.1265, Acc: 0.1449, Recall: 0.5000, AUC: 0.6939, AP: 0.2749
2026-04-03 00:02:55,053 - utils - INFO - Label F1: 0.1265, Acc: 0.1449, Recall: 0.5000, AUC: 0.7211, AP: 0.2930
2026-04-03 00:02:55,053 - train - INFO - Validation AUC: 0.6939
2026-04-03 00:02:55,064 - utils - INFO - Checkpoint saved to checkpoints\best_CARE_yelp.pt
2026-04-03 00:02:55,064 - train - INFO - New best model saved (AUC: 0.6939)
2026-04-03 00:03:05,244 - train - INFO - Epoch: 10, loss: 1.2263, lr: 0.010000, time: 10.18s
2026-04-03 00:03:13,963 - train - INFO - Epoch: 11, loss: 1.2342, lr: 0.010000, time: 8.72s
2026-04-03 00:03:22,829 - train - INFO - Epoch: 12, loss: 1.2486, lr: 0.010000, time: 8.86s
2026-04-03 00:04:29,955 - utils - INFO - GNN F1: 0.1268, Acc: 0.1453, Recall: 0.5000, AUC: 0.7229, AP: 0.3159
2026-04-03 00:04:29,955 - utils - INFO - Label F1: 0.1268, Acc: 0.1453, Recall: 0.5000, AUC: 0.7340, AP: 0.3121
2026-04-03 00:04:47,654 - utils - INFO - GNN F1: 0.1265, Acc: 0.1449, Recall: 0.5000, AUC: 0.7229, AP: 0.3058
2026-04-03 00:04:47,654 - utils - INFO - Label F1: 0.1265, Acc: 0.1449, Recall: 0.5000, AUC: 0.7323, AP: 0.3078
2026-04-03 00:04:47,654 - train - INFO - Validation AUC: 0.7229
2026-04-03 00:04:47,664 - utils - INFO - Checkpoint saved to checkpoints\best_CARE_yelp.pt
2026-04-03 00:04:47,665 - train - INFO - New best model saved (AUC: 0.7229)
2026-04-03 00:04:57,084 - train - INFO - Epoch: 13, loss: 1.2423, lr: 0.010000, time: 9.42s
2026-04-03 00:05:06,050 - train - INFO - Epoch: 14, loss: 1.2521, lr: 0.010000, time: 8.96s
2026-04-03 00:05:15,874 - train - INFO - Epoch: 15, loss: 1.2247, lr: 0.010000, time: 9.81s
2026-04-03 00:06:23,347 - utils - INFO - GNN F1: 0.1268, Acc: 0.1453, Recall: 0.5000, AUC: 0.7411, AP: 0.3430
2026-04-03 00:06:23,347 - utils - INFO - Label F1: 0.1268, Acc: 0.1453, Recall: 0.5000, AUC: 0.7357, AP: 0.3167
2026-04-03 00:06:40,653 - utils - INFO - GNN F1: 0.1265, Acc: 0.1449, Recall: 0.5000, AUC: 0.7423, AP: 0.3403
2026-04-03 00:06:40,654 - utils - INFO - Label F1: 0.1265, Acc: 0.1449, Recall: 0.5000, AUC: 0.7371, AP: 0.3172
2026-04-03 00:06:40,654 - train - INFO - Validation AUC: 0.7423
2026-04-03 00:06:40,664 - utils - INFO - Checkpoint saved to checkpoints\best_CARE_yelp.pt
2026-04-03 00:06:40,664 - train - INFO - New best model saved (AUC: 0.7423)
2026-04-03 00:06:49,359 - train - INFO - Epoch: 16, loss: 1.2350, lr: 0.010000, time: 8.69s
2026-04-03 00:06:57,875 - train - INFO - Epoch: 17, loss: 1.2560, lr: 0.010000, time: 8.51s
2026-04-03 00:07:06,612 - train - INFO - Epoch: 18, loss: 1.2449, lr: 0.010000, time: 8.73s
2026-04-03 00:08:14,878 - utils - INFO - GNN F1: 0.1268, Acc: 0.1453, Recall: 0.5000, AUC: 0.7498, AP: 0.3557
2026-04-03 00:08:14,878 - utils - INFO - Label F1: 0.1268, Acc: 0.1453, Recall: 0.5000, AUC: 0.7351, AP: 0.3182
2026-04-03 00:08:31,602 - utils - INFO - GNN F1: 0.1265, Acc: 0.1449, Recall: 0.5000, AUC: 0.7516, AP: 0.3554
2026-04-03 00:08:31,602 - utils - INFO - Label F1: 0.1265, Acc: 0.1449, Recall: 0.5000, AUC: 0.7389, AP: 0.3216
2026-04-03 00:08:31,602 - train - INFO - Validation AUC: 0.7516
2026-04-03 00:08:31,614 - utils - INFO - Checkpoint saved to checkpoints\best_CARE_yelp.pt
2026-04-03 00:08:31,614 - train - INFO - New best model saved (AUC: 0.7516)
2026-04-03 00:08:40,749 - train - INFO - Epoch: 19, loss: 1.2094, lr: 0.010000, time: 9.13s
2026-04-03 00:08:49,178 - train - INFO - Epoch: 20, loss: 1.1928, lr: 0.010000, time: 8.43s
2026-04-03 00:08:57,665 - train - INFO - Epoch: 21, loss: 1.1693, lr: 0.010000, time: 8.48s
2026-04-03 00:10:05,701 - utils - INFO - GNN F1: 0.1268, Acc: 0.1453, Recall: 0.5000, AUC: 0.7557, AP: 0.3612
2026-04-03 00:10:05,701 - utils - INFO - Label F1: 0.1268, Acc: 0.1453, Recall: 0.5000, AUC: 0.7378, AP: 0.3219
2026-04-03 00:10:22,467 - utils - INFO - GNN F1: 0.1265, Acc: 0.1449, Recall: 0.5000, AUC: 0.7564, AP: 0.3600
2026-04-03 00:10:22,467 - utils - INFO - Label F1: 0.1265, Acc: 0.1449, Recall: 0.5000, AUC: 0.7415, AP: 0.3269
2026-04-03 00:10:22,468 - train - INFO - Validation AUC: 0.7564
2026-04-03 00:10:22,478 - utils - INFO - Checkpoint saved to checkpoints\best_CARE_yelp.pt
2026-04-03 00:10:22,478 - train - INFO - New best model saved (AUC: 0.7564)
2026-04-03 00:10:31,939 - train - INFO - Epoch: 22, loss: 1.2025, lr: 0.010000, time: 9.46s
2026-04-03 00:10:40,404 - train - INFO - Epoch: 23, loss: 1.1685, lr: 0.010000, time: 8.46s
2026-04-03 00:10:48,916 - train - INFO - Epoch: 24, loss: 1.1929, lr: 0.010000, time: 8.51s
2026-04-03 00:11:57,047 - utils - INFO - GNN F1: 0.1268, Acc: 0.1454, Recall: 0.5000, AUC: 0.7586, AP: 0.3668
2026-04-03 00:11:57,047 - utils - INFO - Label F1: 0.1268, Acc: 0.1453, Recall: 0.5000, AUC: 0.7402, AP: 0.3229
2026-04-03 00:12:14,330 - utils - INFO - GNN F1: 0.1267, Acc: 0.1450, Recall: 0.5001, AUC: 0.7596, AP: 0.3660
2026-04-03 00:12:14,330 - utils - INFO - Label F1: 0.1265, Acc: 0.1449, Recall: 0.5000, AUC: 0.7431, AP: 0.3285
2026-04-03 00:12:14,331 - train - INFO - Validation AUC: 0.7596
2026-04-03 00:12:14,340 - utils - INFO - Checkpoint saved to checkpoints\best_CARE_yelp.pt
2026-04-03 00:12:14,340 - train - INFO - New best model saved (AUC: 0.7596)
2026-04-03 00:12:22,984 - train - INFO - Epoch: 25, loss: 1.2139, lr: 0.010000, time: 8.64s
2026-04-03 00:12:32,459 - train - INFO - Epoch: 26, loss: 1.1797, lr: 0.010000, time: 9.47s
2026-04-03 00:12:40,686 - train - INFO - Epoch: 27, loss: 1.2025, lr: 0.010000, time: 8.22s
2026-04-03 00:13:47,712 - utils - INFO - GNN F1: 0.1328, Acc: 0.1501, Recall: 0.5028, AUC: 0.7620, AP: 0.3726
2026-04-03 00:13:47,712 - utils - INFO - Label F1: 0.1268, Acc: 0.1453, Recall: 0.5000, AUC: 0.7431, AP: 0.3260
2026-04-03 00:14:05,285 - utils - INFO - GNN F1: 0.1331, Acc: 0.1501, Recall: 0.5030, AUC: 0.7633, AP: 0.3728
2026-04-03 00:14:05,286 - utils - INFO - Label F1: 0.1265, Acc: 0.1449, Recall: 0.5000, AUC: 0.7456, AP: 0.3326
2026-04-03 00:14:05,286 - train - INFO - Validation AUC: 0.7633
2026-04-03 00:14:05,296 - utils - INFO - Checkpoint saved to checkpoints\best_CARE_yelp.pt
2026-04-03 00:14:05,296 - train - INFO - New best model saved (AUC: 0.7633)
2026-04-03 00:14:14,016 - train - INFO - Epoch: 28, loss: 1.1679, lr: 0.010000, time: 8.71s
2026-04-03 00:14:23,362 - train - INFO - Epoch: 29, loss: 1.1608, lr: 0.010000, time: 9.34s
2026-04-03 00:14:31,883 - train - INFO - Epoch: 30, loss: 1.1601, lr: 0.010000, time: 8.52s
2026-04-03 00:15:40,289 - utils - INFO - GNN F1: 0.1325, Acc: 0.1498, Recall: 0.5024, AUC: 0.7643, AP: 0.3770
2026-04-03 00:15:40,290 - utils - INFO - Label F1: 0.1268, Acc: 0.1453, Recall: 0.5000, AUC: 0.7447, AP: 0.3277
2026-04-03 00:15:57,350 - utils - INFO - GNN F1: 0.1325, Acc: 0.1496, Recall: 0.5028, AUC: 0.7657, AP: 0.3768
2026-04-03 00:15:57,351 - utils - INFO - Label F1: 0.1265, Acc: 0.1449, Recall: 0.5000, AUC: 0.7469, AP: 0.3346
2026-04-03 00:15:57,351 - train - INFO - Validation AUC: 0.7657
2026-04-03 00:15:57,362 - utils - INFO - Checkpoint saved to checkpoints\best_CARE_yelp.pt
2026-04-03 00:15:57,362 - train - INFO - New best model saved (AUC: 0.7657)
2026-04-03 00:15:57,362 - train - INFO - Training complete.
2026-04-03 00:15:57,505 - __main__ - INFO - Experiment CAPN (policy network) completed in 1324.6s
2026-04-03 00:15:57,506 - __main__ - INFO - Best GNN AUC: 0.7642719948591561
2026-04-03 00:15:57,507 - __main__ - INFO - Results saved to results/ablation\capn\ablation_results_20260403_001557.json
2026-04-03 00:15:58,095 - __main__ - INFO - 

Starting study: capn_label
2026-04-03 00:15:58,096 - __main__ - INFO - 
============================================================
2026-04-03 00:15:58,096 - __main__ - INFO - Running experiment: Linear label predictor
2026-04-03 00:15:58,096 - __main__ - INFO - ============================================================
2026-04-03 00:15:58,097 - __main__ - INFO - Config: {'model': 'CARE', 'use_capn': False}
2026-04-03 00:15:58,097 - train - INFO - Using device: cuda
2026-04-03 00:15:58,098 - utils - INFO - Random seed set to 72
2026-04-03 00:15:58,098 - utils - INFO - Loading cached labels/features from yelp_labels.npy, yelp_features.npy
2026-04-03 00:16:02,339 - utils - INFO - Loaded yelp dataset: 45954 nodes, 32 features
2026-04-03 00:16:02,365 - train - INFO - Split: train=11488, val=6893, test=27573
2026-04-03 00:16:02,367 - train - INFO - CE loss class weights: [0.5849882880130359, 3.4415817855002997]
2026-04-03 00:16:02,385 - train - INFO - Model: CARE, Inter-AGG: GNN, emb_size: 64
2026-04-03 00:16:07,531 - train - INFO - Epoch: 0, loss: 2.0636, lr: 0.010000, time: 5.14s
2026-04-03 00:16:39,971 - utils - INFO - GNN F1: 0.1268, Acc: 0.1453, Recall: 0.5000, AUC: 0.6096, AP: 0.2312
2026-04-03 00:16:39,972 - utils - INFO - Label F1: 0.2960, Acc: 0.2996, Recall: 0.5035, AUC: 0.5196, AP: 0.1573
2026-04-03 00:16:48,302 - utils - INFO - GNN F1: 0.1265, Acc: 0.1449, Recall: 0.5000, AUC: 0.6286, AP: 0.2473
2026-04-03 00:16:48,302 - utils - INFO - Label F1: 0.3023, Acc: 0.3059, Recall: 0.5159, AUC: 0.5361, AP: 0.1610
2026-04-03 00:16:48,302 - train - INFO - Validation AUC: 0.6286
2026-04-03 00:16:48,312 - utils - INFO - Checkpoint saved to checkpoints\best_CARE_yelp.pt
2026-04-03 00:16:48,312 - train - INFO - New best model saved (AUC: 0.6286)
2026-04-03 00:16:52,553 - train - INFO - Epoch: 1, loss: 1.7902, lr: 0.010000, time: 4.24s
2026-04-03 00:16:53,991 - layers - INFO - RL update - scores: ['0.0013', '0.0034', '0.0036'], rewards: [-1, -1, 1], thresholds: ['0.4800', '0.4800', '0.5200']
2026-04-03 00:16:56,970 - train - INFO - Epoch: 2, loss: 1.6628, lr: 0.010000, time: 4.41s
2026-04-03 00:16:58,195 - layers - INFO - RL update - scores: ['0.0013', '0.0033', '0.0037'], rewards: [-1, 1, -1], thresholds: ['0.4600', '0.5000', '0.5000']
2026-04-03 00:17:01,785 - train - INFO - Epoch: 3, loss: 1.5846, lr: 0.010000, time: 4.81s
2026-04-03 00:17:35,504 - utils - INFO - GNN F1: 0.1268, Acc: 0.1453, Recall: 0.5000, AUC: 0.6447, AP: 0.2574
2026-04-03 00:17:35,504 - utils - INFO - Label F1: 0.1268, Acc: 0.1453, Recall: 0.5000, AUC: 0.5204, AP: 0.1577
2026-04-03 00:17:43,777 - utils - INFO - GNN F1: 0.1265, Acc: 0.1449, Recall: 0.5000, AUC: 0.6657, AP: 0.2733
2026-04-03 00:17:43,777 - utils - INFO - Label F1: 0.1265, Acc: 0.1449, Recall: 0.5000, AUC: 0.5369, AP: 0.1614
2026-04-03 00:17:43,779 - train - INFO - Validation AUC: 0.6657
2026-04-03 00:17:43,787 - utils - INFO - Checkpoint saved to checkpoints\best_CARE_yelp.pt
2026-04-03 00:17:43,787 - train - INFO - New best model saved (AUC: 0.6657)
2026-04-03 00:17:45,682 - layers - INFO - RL update - scores: ['0.0013', '0.0034', '0.0037'], rewards: [-1, -1, -1], thresholds: ['0.4400', '0.4800', '0.4800']
2026-04-03 00:17:48,822 - train - INFO - Epoch: 4, loss: 1.5190, lr: 0.010000, time: 5.03s
2026-04-03 00:17:50,068 - layers - INFO - RL update - scores: ['0.0013', '0.0033', '0.0035'], rewards: [1, 1, 1], thresholds: ['0.4600', '0.5000', '0.5000']
2026-04-03 00:17:53,117 - train - INFO - Epoch: 5, loss: 1.4343, lr: 0.010000, time: 4.29s
2026-04-03 00:17:54,490 - layers - INFO - RL update - scores: ['0.0013', '0.0033', '0.0035'], rewards: [1, -1, -1], thresholds: ['0.4800', '0.4800', '0.4800']
2026-04-03 00:17:58,102 - train - INFO - Epoch: 6, loss: 1.3784, lr: 0.010000, time: 4.98s
2026-04-03 00:18:31,100 - utils - INFO - GNN F1: 0.1268, Acc: 0.1453, Recall: 0.5000, AUC: 0.7013, AP: 0.3082
2026-04-03 00:18:31,100 - utils - INFO - Label F1: 0.1268, Acc: 0.1453, Recall: 0.5000, AUC: 0.5233, AP: 0.1591
2026-04-03 00:18:39,217 - utils - INFO - GNN F1: 0.1265, Acc: 0.1449, Recall: 0.5000, AUC: 0.7170, AP: 0.3172
2026-04-03 00:18:39,217 - utils - INFO - Label F1: 0.1265, Acc: 0.1449, Recall: 0.5000, AUC: 0.5397, AP: 0.1628
2026-04-03 00:18:39,217 - train - INFO - Validation AUC: 0.7170
2026-04-03 00:18:39,227 - utils - INFO - Checkpoint saved to checkpoints\best_CARE_yelp.pt
2026-04-03 00:18:39,227 - train - INFO - New best model saved (AUC: 0.7170)
2026-04-03 00:18:40,728 - layers - INFO - RL update - scores: ['0.0013', '0.0033', '0.0035'], rewards: [-1, -1, -1], thresholds: ['0.4600', '0.4600', '0.4600']
2026-04-03 00:18:43,819 - train - INFO - Epoch: 7, loss: 1.3522, lr: 0.010000, time: 4.59s
2026-04-03 00:18:45,122 - layers - INFO - RL update - scores: ['0.0013', '0.0032', '0.0034'], rewards: [-1, 1, 1], thresholds: ['0.4400', '0.4800', '0.4800']
2026-04-03 00:18:48,156 - train - INFO - Epoch: 8, loss: 1.3184, lr: 0.010000, time: 4.33s
2026-04-03 00:18:49,544 - layers - INFO - RL update - scores: ['0.0013', '0.0032', '0.0035'], rewards: [1, -1, -1], thresholds: ['0.4600', '0.4600', '0.4600']
2026-04-03 00:18:52,666 - train - INFO - Epoch: 9, loss: 1.2928, lr: 0.010000, time: 4.51s
2026-04-03 00:19:25,899 - utils - INFO - GNN F1: 0.1268, Acc: 0.1453, Recall: 0.5000, AUC: 0.7217, AP: 0.3262
2026-04-03 00:19:25,899 - utils - INFO - Label F1: 0.1268, Acc: 0.1453, Recall: 0.5000, AUC: 0.5320, AP: 0.1633
2026-04-03 00:19:33,707 - utils - INFO - GNN F1: 0.1265, Acc: 0.1449, Recall: 0.5000, AUC: 0.7349, AP: 0.3327
2026-04-03 00:19:33,708 - utils - INFO - Label F1: 0.1265, Acc: 0.1449, Recall: 0.5000, AUC: 0.5485, AP: 0.1672
2026-04-03 00:19:33,708 - train - INFO - Validation AUC: 0.7349
2026-04-03 00:19:33,719 - utils - INFO - Checkpoint saved to checkpoints\best_CARE_yelp.pt
2026-04-03 00:19:33,719 - train - INFO - New best model saved (AUC: 0.7349)
2026-04-03 00:19:35,021 - layers - INFO - RL update - scores: ['0.0013', '0.0033', '0.0034'], rewards: [-1, -1, 1], thresholds: ['0.4400', '0.4400', '0.4800']
2026-04-03 00:19:38,508 - train - INFO - Epoch: 10, loss: 1.2615, lr: 0.010000, time: 4.79s
2026-04-03 00:19:39,994 - layers - INFO - RL update - scores: ['0.0014', '0.0031', '0.0035'], rewards: [-1, 1, -1], thresholds: ['0.4200', '0.4600', '0.4600']
2026-04-03 00:19:43,133 - train - INFO - Epoch: 11, loss: 1.2572, lr: 0.010000, time: 4.62s
2026-04-03 00:19:44,391 - layers - INFO - RL update - scores: ['0.0012', '0.0033', '0.0035'], rewards: [1, -1, -1], thresholds: ['0.4400', '0.4400', '0.4400']
2026-04-03 00:19:47,567 - train - INFO - Epoch: 12, loss: 1.2593, lr: 0.010000, time: 4.43s
2026-04-03 00:20:20,530 - utils - INFO - GNN F1: 0.1268, Acc: 0.1453, Recall: 0.5000, AUC: 0.7303, AP: 0.3316
2026-04-03 00:20:20,530 - utils - INFO - Label F1: 0.1268, Acc: 0.1453, Recall: 0.5000, AUC: 0.5488, AP: 0.1716
2026-04-03 00:20:29,575 - utils - INFO - GNN F1: 0.1265, Acc: 0.1449, Recall: 0.5000, AUC: 0.7405, AP: 0.3359
2026-04-03 00:20:29,576 - utils - INFO - Label F1: 0.1265, Acc: 0.1449, Recall: 0.5000, AUC: 0.5656, AP: 0.1761
2026-04-03 00:20:29,576 - train - INFO - Validation AUC: 0.7405
2026-04-03 00:20:29,585 - utils - INFO - Checkpoint saved to checkpoints\best_CARE_yelp.pt
2026-04-03 00:20:29,585 - train - INFO - New best model saved (AUC: 0.7405)
2026-04-03 00:20:30,878 - layers - INFO - RL update - scores: ['0.0013', '0.0032', '0.0033'], rewards: [-1, 1, 1], thresholds: ['0.4200', '0.4600', '0.4600']
2026-04-03 00:20:34,182 - train - INFO - Epoch: 13, loss: 1.2467, lr: 0.010000, time: 4.60s
2026-04-03 00:20:35,742 - layers - INFO - RL update - scores: ['0.0013', '0.0034', '0.0035'], rewards: [-1, -1, -1], thresholds: ['0.4000', '0.4400', '0.4400']
2026-04-03 00:20:38,860 - train - INFO - Epoch: 14, loss: 1.2527, lr: 0.010000, time: 4.67s
2026-04-03 00:20:40,187 - layers - INFO - RL update - scores: ['0.0013', '0.0033', '0.0034'], rewards: [1, 1, 1], thresholds: ['0.4200', '0.4600', '0.4600']
2026-04-03 00:20:43,229 - train - INFO - Epoch: 15, loss: 1.2218, lr: 0.010000, time: 4.36s
2026-04-03 00:21:16,306 - utils - INFO - GNN F1: 0.1268, Acc: 0.1453, Recall: 0.5000, AUC: 0.7327, AP: 0.3320
2026-04-03 00:21:16,306 - utils - INFO - Label F1: 0.1268, Acc: 0.1453, Recall: 0.5000, AUC: 0.5720, AP: 0.1836
2026-04-03 00:21:24,547 - utils - INFO - GNN F1: 0.1265, Acc: 0.1449, Recall: 0.5000, AUC: 0.7411, AP: 0.3358
2026-04-03 00:21:24,547 - utils - INFO - Label F1: 0.1265, Acc: 0.1449, Recall: 0.5000, AUC: 0.5894, AP: 0.1893
2026-04-03 00:21:24,547 - train - INFO - Validation AUC: 0.7411
2026-04-03 00:21:24,557 - utils - INFO - Checkpoint saved to checkpoints\best_CARE_yelp.pt
2026-04-03 00:21:24,557 - train - INFO - New best model saved (AUC: 0.7411)
2026-04-03 00:21:25,844 - layers - INFO - RL update - scores: ['0.0013', '0.0035', '0.0036'], rewards: [-1, -1, -1], thresholds: ['0.4000', '0.4400', '0.4400']
2026-04-03 00:21:29,163 - train - INFO - Epoch: 16, loss: 1.2345, lr: 0.010000, time: 4.60s
2026-04-03 00:21:30,376 - layers - INFO - RL update - scores: ['0.0014', '0.0035', '0.0036'], rewards: [-1, -1, -1], thresholds: ['0.3800', '0.4200', '0.4200']
2026-04-03 00:21:33,546 - train - INFO - Epoch: 17, loss: 1.2542, lr: 0.010000, time: 4.38s
2026-04-03 00:21:34,899 - layers - INFO - RL update - scores: ['0.0013', '0.0033', '0.0035'], rewards: [1, 1, 1], thresholds: ['0.4000', '0.4400', '0.4400']
2026-04-03 00:21:37,959 - train - INFO - Epoch: 18, loss: 1.2432, lr: 0.010000, time: 4.41s
2026-04-03 00:22:10,651 - utils - INFO - GNN F1: 0.1268, Acc: 0.1453, Recall: 0.5000, AUC: 0.7364, AP: 0.3323
2026-04-03 00:22:10,651 - utils - INFO - Label F1: 0.1268, Acc: 0.1453, Recall: 0.5000, AUC: 0.5996, AP: 0.1995
2026-04-03 00:22:18,892 - utils - INFO - GNN F1: 0.1265, Acc: 0.1449, Recall: 0.5000, AUC: 0.7433, AP: 0.3345
2026-04-03 00:22:18,893 - utils - INFO - Label F1: 0.1265, Acc: 0.1449, Recall: 0.5000, AUC: 0.6175, AP: 0.2064
2026-04-03 00:22:18,893 - train - INFO - Validation AUC: 0.7433
2026-04-03 00:22:18,904 - utils - INFO - Checkpoint saved to checkpoints\best_CARE_yelp.pt
2026-04-03 00:22:18,904 - train - INFO - New best model saved (AUC: 0.7433)
2026-04-03 00:22:20,127 - layers - INFO - RL update - scores: ['0.0015', '0.0036', '0.0037'], rewards: [-1, -1, -1], thresholds: ['0.3800', '0.4200', '0.4200']
2026-04-03 00:22:23,346 - train - INFO - Epoch: 19, loss: 1.2133, lr: 0.010000, time: 4.44s
2026-04-03 00:22:24,836 - layers - INFO - RL update - scores: ['0.0015', '0.0035', '0.0036'], rewards: [-1, 1, 1], thresholds: ['0.3600', '0.4400', '0.4400']
2026-04-03 00:22:27,636 - train - INFO - Epoch: 20, loss: 1.2004, lr: 0.010000, time: 4.29s
2026-04-03 00:22:28,852 - layers - INFO - RL update - scores: ['0.0014', '0.0037', '0.0039'], rewards: [1, -1, -1], thresholds: ['0.3800', '0.4200', '0.4200']
2026-04-03 00:22:31,817 - train - INFO - Epoch: 21, loss: 1.1734, lr: 0.010000, time: 4.18s
2026-04-03 00:23:04,076 - utils - INFO - GNN F1: 0.1268, Acc: 0.1453, Recall: 0.5000, AUC: 0.7437, AP: 0.3377
2026-04-03 00:23:04,076 - utils - INFO - Label F1: 0.1268, Acc: 0.1453, Recall: 0.5000, AUC: 0.6276, AP: 0.2174
2026-04-03 00:23:12,047 - utils - INFO - GNN F1: 0.1265, Acc: 0.1449, Recall: 0.5000, AUC: 0.7482, AP: 0.3392
2026-04-03 00:23:12,047 - utils - INFO - Label F1: 0.1265, Acc: 0.1449, Recall: 0.5000, AUC: 0.6454, AP: 0.2248
2026-04-03 00:23:12,048 - train - INFO - Validation AUC: 0.7482
2026-04-03 00:23:12,058 - utils - INFO - Checkpoint saved to checkpoints\best_CARE_yelp.pt
2026-04-03 00:23:12,058 - train - INFO - New best model saved (AUC: 0.7482)
2026-04-03 00:23:13,295 - layers - INFO - RL update - scores: ['0.0015', '0.0037', '0.0039'], rewards: [-1, -1, -1], thresholds: ['0.3600', '0.4000', '0.4000']
2026-04-03 00:23:16,199 - train - INFO - Epoch: 22, loss: 1.2040, lr: 0.010000, time: 4.14s
2026-04-03 00:23:17,806 - layers - INFO - RL update - scores: ['0.0015', '0.0036', '0.0038'], rewards: [-1, 1, 1], thresholds: ['0.3400', '0.4200', '0.4200']
2026-04-03 00:23:20,775 - train - INFO - Epoch: 23, loss: 1.1776, lr: 0.010000, time: 4.58s
2026-04-03 00:23:21,981 - layers - INFO - RL update - scores: ['0.0015', '0.0039', '0.0041'], rewards: [-1, -1, -1], thresholds: ['0.3200', '0.4000', '0.4000']
2026-04-03 00:23:24,963 - train - INFO - Epoch: 24, loss: 1.2000, lr: 0.010000, time: 4.19s
2026-04-03 00:23:57,551 - utils - INFO - GNN F1: 0.1268, Acc: 0.1453, Recall: 0.5000, AUC: 0.7463, AP: 0.3343
2026-04-03 00:23:57,551 - utils - INFO - Label F1: 0.1268, Acc: 0.1453, Recall: 0.5000, AUC: 0.6522, AP: 0.2345
2026-04-03 00:24:05,805 - utils - INFO - GNN F1: 0.1265, Acc: 0.1449, Recall: 0.5000, AUC: 0.7509, AP: 0.3386
2026-04-03 00:24:05,805 - utils - INFO - Label F1: 0.1265, Acc: 0.1449, Recall: 0.5000, AUC: 0.6693, AP: 0.2423
2026-04-03 00:24:05,805 - train - INFO - Validation AUC: 0.7509
2026-04-03 00:24:05,816 - utils - INFO - Checkpoint saved to checkpoints\best_CARE_yelp.pt
2026-04-03 00:24:05,816 - train - INFO - New best model saved (AUC: 0.7509)
2026-04-03 00:24:07,030 - layers - INFO - RL update - scores: ['0.0013', '0.0038', '0.0040'], rewards: [1, 1, 1], thresholds: ['0.3400', '0.4200', '0.4200']
2026-04-03 00:24:09,959 - train - INFO - Epoch: 25, loss: 1.2260, lr: 0.010000, time: 4.14s
2026-04-03 00:24:11,460 - layers - INFO - RL update - scores: ['0.0014', '0.0041', '0.0043'], rewards: [-1, -1, -1], thresholds: ['0.3200', '0.4000', '0.4000']
2026-04-03 00:24:14,460 - train - INFO - Epoch: 26, loss: 1.1951, lr: 0.010000, time: 4.50s
2026-04-03 00:24:15,645 - layers - INFO - RL update - scores: ['0.0013', '0.0040', '0.0042'], rewards: [1, 1, 1], thresholds: ['0.3400', '0.4200', '0.4200']
2026-04-03 00:24:18,568 - train - INFO - Epoch: 27, loss: 1.2263, lr: 0.010000, time: 4.11s
2026-04-03 00:24:51,550 - utils - INFO - GNN F1: 0.1269, Acc: 0.1454, Recall: 0.5001, AUC: 0.7526, AP: 0.3471
2026-04-03 00:24:51,551 - utils - INFO - Label F1: 0.1268, Acc: 0.1453, Recall: 0.5000, AUC: 0.6730, AP: 0.2504
2026-04-03 00:25:00,160 - utils - INFO - GNN F1: 0.1269, Acc: 0.1452, Recall: 0.5002, AUC: 0.7564, AP: 0.3498
2026-04-03 00:25:00,160 - utils - INFO - Label F1: 0.1265, Acc: 0.1449, Recall: 0.5000, AUC: 0.6889, AP: 0.2582
2026-04-03 00:25:00,161 - train - INFO - Validation AUC: 0.7564
2026-04-03 00:25:00,170 - utils - INFO - Checkpoint saved to checkpoints\best_CARE_yelp.pt
2026-04-03 00:25:00,170 - train - INFO - New best model saved (AUC: 0.7564)
2026-04-03 00:25:01,366 - layers - INFO - RL update - scores: ['0.0014', '0.0043', '0.0045'], rewards: [-1, -1, -1], thresholds: ['0.3200', '0.4000', '0.4000']
2026-04-03 00:25:04,738 - train - INFO - Epoch: 28, loss: 1.1947, lr: 0.010000, time: 4.56s
2026-04-03 00:25:06,155 - layers - INFO - RL update - scores: ['0.0014', '0.0043', '0.0046'], rewards: [-1, 1, -1], thresholds: ['0.3000', '0.4200', '0.3800']
2026-04-03 00:25:09,063 - train - INFO - Epoch: 29, loss: 1.1890, lr: 0.010000, time: 4.32s
2026-04-03 00:25:10,230 - layers - INFO - RL update - scores: ['0.0013', '0.0046', '0.0045'], rewards: [1, -1, 1], thresholds: ['0.3200', '0.4000', '0.4000']
2026-04-03 00:25:13,306 - train - INFO - Epoch: 30, loss: 1.1947, lr: 0.010000, time: 4.24s
2026-04-03 00:25:45,659 - utils - INFO - GNN F1: 0.1326, Acc: 0.1499, Recall: 0.5025, AUC: 0.7537, AP: 0.3448
2026-04-03 00:25:45,660 - utils - INFO - Label F1: 0.1268, Acc: 0.1453, Recall: 0.5000, AUC: 0.6897, AP: 0.2647
2026-04-03 00:25:53,943 - utils - INFO - GNN F1: 0.1317, Acc: 0.1489, Recall: 0.5024, AUC: 0.7574, AP: 0.3490
2026-04-03 00:25:53,944 - utils - INFO - Label F1: 0.1265, Acc: 0.1449, Recall: 0.5000, AUC: 0.7045, AP: 0.2731
2026-04-03 00:25:53,944 - train - INFO - Validation AUC: 0.7574
2026-04-03 00:25:53,953 - utils - INFO - Checkpoint saved to checkpoints\best_CARE_yelp.pt
2026-04-03 00:25:53,954 - train - INFO - New best model saved (AUC: 0.7574)
2026-04-03 00:25:53,954 - train - INFO - Training complete.
2026-04-03 00:25:54,107 - __main__ - INFO - Experiment Linear label predictor completed in 596.0s
2026-04-03 00:25:54,108 - __main__ - INFO - Best GNN AUC: 0.7536941818570146
2026-04-03 00:25:54,108 - __main__ - INFO - 
============================================================
2026-04-03 00:25:54,108 - __main__ - INFO - Running experiment: MLP label predictor (CAPN)
2026-04-03 00:25:54,108 - __main__ - INFO - ============================================================
2026-04-03 00:25:54,108 - __main__ - INFO - Config: {'model': 'CARE', 'use_capn': True}
2026-04-03 00:25:54,108 - train - INFO - Using device: cuda
2026-04-03 00:25:54,109 - utils - INFO - Random seed set to 72
2026-04-03 00:25:54,110 - utils - INFO - Loading cached labels/features from yelp_labels.npy, yelp_features.npy
2026-04-03 00:25:59,075 - utils - INFO - Loaded yelp dataset: 45954 nodes, 32 features
2026-04-03 00:25:59,103 - train - INFO - Split: train=11488, val=6893, test=27573
2026-04-03 00:25:59,105 - train - INFO - CE loss class weights: [0.5849882880130359, 3.4415817855002997]
2026-04-03 00:25:59,129 - train - INFO - Model: CARE, Inter-AGG: GNN, emb_size: 64
2026-04-03 00:25:59,142 - train - INFO - Policy network state_dim=37
2026-04-03 00:25:59,142 - train - INFO - CAPN mode enabled: policy_hidden=64, policy_lr=0.001, lambda_policy=0.1
2026-04-03 00:25:59,144 - train - INFO - Dual optimizer: GNN params=3618, Policy params=4710
2026-04-03 00:26:15,752 - train - INFO - Epoch: 0, loss: 1.8188, lr: 0.010000, time: 16.59s
2026-04-03 00:28:33,855 - utils - INFO - GNN F1: 0.1268, Acc: 0.1453, Recall: 0.5000, AUC: 0.5372, AP: 0.1757
2026-04-03 00:28:33,855 - utils - INFO - Label F1: 0.1268, Acc: 0.1453, Recall: 0.5000, AUC: 0.4351, AP: 0.1251
2026-04-03 00:29:09,732 - utils - INFO - GNN F1: 0.1265, Acc: 0.1449, Recall: 0.5000, AUC: 0.5205, AP: 0.1636
2026-04-03 00:29:09,732 - utils - INFO - Label F1: 0.1265, Acc: 0.1449, Recall: 0.5000, AUC: 0.3957, AP: 0.1154
2026-04-03 00:29:09,733 - train - INFO - Validation AUC: 0.5205
2026-04-03 00:29:09,748 - utils - INFO - Checkpoint saved to checkpoints\best_CARE_yelp.pt
2026-04-03 00:29:09,748 - train - INFO - New best model saved (AUC: 0.5205)
2026-04-03 00:29:22,756 - train - INFO - Epoch: 1, loss: 1.4677, lr: 0.010000, time: 12.99s
2026-04-03 00:29:34,012 - train - INFO - Epoch: 2, loss: 1.3332, lr: 0.010000, time: 11.24s
2026-04-03 00:29:44,654 - train - INFO - Epoch: 3, loss: 1.2816, lr: 0.010000, time: 10.63s
2026-04-03 00:30:52,454 - utils - INFO - GNN F1: 0.1268, Acc: 0.1453, Recall: 0.5000, AUC: 0.5755, AP: 0.1979
2026-04-03 00:30:52,454 - utils - INFO - Label F1: 0.1268, Acc: 0.1453, Recall: 0.5000, AUC: 0.4718, AP: 0.1368
2026-04-03 00:31:09,007 - utils - INFO - GNN F1: 0.1265, Acc: 0.1449, Recall: 0.5000, AUC: 0.5652, AP: 0.1860
2026-04-03 00:31:09,007 - utils - INFO - Label F1: 0.1265, Acc: 0.1449, Recall: 0.5000, AUC: 0.4355, AP: 0.1273
2026-04-03 00:31:09,008 - train - INFO - Validation AUC: 0.5652
2026-04-03 00:31:09,018 - utils - INFO - Checkpoint saved to checkpoints\best_CARE_yelp.pt
2026-04-03 00:31:09,018 - train - INFO - New best model saved (AUC: 0.5652)
2026-04-03 00:31:20,579 - train - INFO - Epoch: 4, loss: 1.3215, lr: 0.010000, time: 11.54s
2026-04-03 00:31:30,401 - train - INFO - Epoch: 5, loss: 1.2845, lr: 0.010000, time: 9.82s
2026-04-03 00:31:39,900 - train - INFO - Epoch: 6, loss: 1.2514, lr: 0.010000, time: 9.49s
2026-04-03 00:32:47,459 - utils - INFO - GNN F1: 0.1268, Acc: 0.1453, Recall: 0.5000, AUC: 0.6463, AP: 0.2479
2026-04-03 00:32:47,460 - utils - INFO - Label F1: 0.1268, Acc: 0.1453, Recall: 0.5000, AUC: 0.6585, AP: 0.2378
2026-04-03 00:33:04,331 - utils - INFO - GNN F1: 0.1265, Acc: 0.1449, Recall: 0.5000, AUC: 0.6371, AP: 0.2321
2026-04-03 00:33:04,331 - utils - INFO - Label F1: 0.1265, Acc: 0.1449, Recall: 0.5000, AUC: 0.6345, AP: 0.2190
2026-04-03 00:33:04,332 - train - INFO - Validation AUC: 0.6371
2026-04-03 00:33:04,342 - utils - INFO - Checkpoint saved to checkpoints\best_CARE_yelp.pt
2026-04-03 00:33:04,343 - train - INFO - New best model saved (AUC: 0.6371)
2026-04-03 00:33:15,089 - train - INFO - Epoch: 7, loss: 1.2711, lr: 0.010000, time: 10.74s
2026-04-03 00:33:24,535 - train - INFO - Epoch: 8, loss: 1.2548, lr: 0.010000, time: 9.44s
2026-04-03 00:33:34,433 - train - INFO - Epoch: 9, loss: 1.2480, lr: 0.010000, time: 9.89s
2026-04-03 00:34:41,715 - utils - INFO - GNN F1: 0.1268, Acc: 0.1453, Recall: 0.5000, AUC: 0.6968, AP: 0.2890
2026-04-03 00:34:41,715 - utils - INFO - Label F1: 0.1268, Acc: 0.1453, Recall: 0.5000, AUC: 0.7273, AP: 0.3028
2026-04-03 00:34:59,768 - utils - INFO - GNN F1: 0.1265, Acc: 0.1449, Recall: 0.5000, AUC: 0.6939, AP: 0.2749
2026-04-03 00:34:59,769 - utils - INFO - Label F1: 0.1265, Acc: 0.1449, Recall: 0.5000, AUC: 0.7211, AP: 0.2930
2026-04-03 00:34:59,769 - train - INFO - Validation AUC: 0.6939
2026-04-03 00:34:59,779 - utils - INFO - Checkpoint saved to checkpoints\best_CARE_yelp.pt
2026-04-03 00:34:59,779 - train - INFO - New best model saved (AUC: 0.6939)
2026-04-03 00:35:09,278 - train - INFO - Epoch: 10, loss: 1.2263, lr: 0.010000, time: 9.49s
2026-04-03 00:35:17,947 - train - INFO - Epoch: 11, loss: 1.2342, lr: 0.010000, time: 8.67s
2026-04-03 00:35:27,581 - train - INFO - Epoch: 12, loss: 1.2486, lr: 0.010000, time: 9.63s
2026-04-03 00:36:34,784 - utils - INFO - GNN F1: 0.1268, Acc: 0.1453, Recall: 0.5000, AUC: 0.7229, AP: 0.3159
2026-04-03 00:36:34,785 - utils - INFO - Label F1: 0.1268, Acc: 0.1453, Recall: 0.5000, AUC: 0.7340, AP: 0.3121
2026-04-03 00:36:52,040 - utils - INFO - GNN F1: 0.1265, Acc: 0.1449, Recall: 0.5000, AUC: 0.7229, AP: 0.3058
2026-04-03 00:36:52,041 - utils - INFO - Label F1: 0.1265, Acc: 0.1449, Recall: 0.5000, AUC: 0.7323, AP: 0.3078
2026-04-03 00:36:52,041 - train - INFO - Validation AUC: 0.7229
2026-04-03 00:36:52,051 - utils - INFO - Checkpoint saved to checkpoints\best_CARE_yelp.pt
2026-04-03 00:36:52,052 - train - INFO - New best model saved (AUC: 0.7229)
2026-04-03 00:37:01,018 - train - INFO - Epoch: 13, loss: 1.2423, lr: 0.010000, time: 8.96s
2026-04-03 00:37:09,391 - train - INFO - Epoch: 14, loss: 1.2521, lr: 0.010000, time: 8.37s
2026-04-03 00:37:19,009 - train - INFO - Epoch: 15, loss: 1.2247, lr: 0.010000, time: 9.61s
2026-04-03 00:38:25,494 - utils - INFO - GNN F1: 0.1268, Acc: 0.1453, Recall: 0.5000, AUC: 0.7411, AP: 0.3430
2026-04-03 00:38:25,494 - utils - INFO - Label F1: 0.1268, Acc: 0.1453, Recall: 0.5000, AUC: 0.7357, AP: 0.3167
2026-04-03 00:38:42,945 - utils - INFO - GNN F1: 0.1265, Acc: 0.1449, Recall: 0.5000, AUC: 0.7423, AP: 0.3403
2026-04-03 00:38:42,946 - utils - INFO - Label F1: 0.1265, Acc: 0.1449, Recall: 0.5000, AUC: 0.7371, AP: 0.3172
2026-04-03 00:38:42,946 - train - INFO - Validation AUC: 0.7423
2026-04-03 00:38:42,955 - utils - INFO - Checkpoint saved to checkpoints\best_CARE_yelp.pt
2026-04-03 00:38:42,956 - train - INFO - New best model saved (AUC: 0.7423)
2026-04-03 00:38:51,943 - train - INFO - Epoch: 16, loss: 1.2350, lr: 0.010000, time: 8.98s
2026-04-03 00:39:00,389 - train - INFO - Epoch: 17, loss: 1.2560, lr: 0.010000, time: 8.44s
2026-04-03 00:39:09,985 - train - INFO - Epoch: 18, loss: 1.2449, lr: 0.010000, time: 9.59s
2026-04-03 00:40:17,268 - utils - INFO - GNN F1: 0.1268, Acc: 0.1453, Recall: 0.5000, AUC: 0.7498, AP: 0.3557
2026-04-03 00:40:17,269 - utils - INFO - Label F1: 0.1268, Acc: 0.1453, Recall: 0.5000, AUC: 0.7351, AP: 0.3182
2026-04-03 00:40:34,623 - utils - INFO - GNN F1: 0.1265, Acc: 0.1449, Recall: 0.5000, AUC: 0.7516, AP: 0.3554
2026-04-03 00:40:34,623 - utils - INFO - Label F1: 0.1265, Acc: 0.1449, Recall: 0.5000, AUC: 0.7389, AP: 0.3216
2026-04-03 00:40:34,624 - train - INFO - Validation AUC: 0.7516
2026-04-03 00:40:34,634 - utils - INFO - Checkpoint saved to checkpoints\best_CARE_yelp.pt
2026-04-03 00:40:34,635 - train - INFO - New best model saved (AUC: 0.7516)
2026-04-03 00:40:43,305 - train - INFO - Epoch: 19, loss: 1.2094, lr: 0.010000, time: 8.67s
2026-04-03 00:40:51,710 - train - INFO - Epoch: 20, loss: 1.1928, lr: 0.010000, time: 8.40s
2026-04-03 00:41:01,117 - train - INFO - Epoch: 21, loss: 1.1693, lr: 0.010000, time: 9.40s
2026-04-03 00:42:08,512 - utils - INFO - GNN F1: 0.1268, Acc: 0.1453, Recall: 0.5000, AUC: 0.7557, AP: 0.3612
2026-04-03 00:42:08,513 - utils - INFO - Label F1: 0.1268, Acc: 0.1453, Recall: 0.5000, AUC: 0.7378, AP: 0.3219
2026-04-03 00:42:26,920 - utils - INFO - GNN F1: 0.1265, Acc: 0.1449, Recall: 0.5000, AUC: 0.7564, AP: 0.3600
2026-04-03 00:42:26,920 - utils - INFO - Label F1: 0.1265, Acc: 0.1449, Recall: 0.5000, AUC: 0.7415, AP: 0.3269
2026-04-03 00:42:26,921 - train - INFO - Validation AUC: 0.7564
2026-04-03 00:42:26,931 - utils - INFO - Checkpoint saved to checkpoints\best_CARE_yelp.pt
2026-04-03 00:42:26,931 - train - INFO - New best model saved (AUC: 0.7564)
2026-04-03 00:42:35,585 - train - INFO - Epoch: 22, loss: 1.2025, lr: 0.010000, time: 8.65s
2026-04-03 00:42:44,002 - train - INFO - Epoch: 23, loss: 1.1685, lr: 0.010000, time: 8.41s
2026-04-03 00:42:52,256 - train - INFO - Epoch: 24, loss: 1.1929, lr: 0.010000, time: 8.25s
2026-04-03 00:44:00,623 - utils - INFO - GNN F1: 0.1268, Acc: 0.1454, Recall: 0.5000, AUC: 0.7586, AP: 0.3668
2026-04-03 00:44:00,623 - utils - INFO - Label F1: 0.1268, Acc: 0.1453, Recall: 0.5000, AUC: 0.7402, AP: 0.3229
2026-04-03 00:44:17,773 - utils - INFO - GNN F1: 0.1267, Acc: 0.1450, Recall: 0.5001, AUC: 0.7596, AP: 0.3660
2026-04-03 00:44:17,774 - utils - INFO - Label F1: 0.1265, Acc: 0.1449, Recall: 0.5000, AUC: 0.7431, AP: 0.3285
2026-04-03 00:44:17,774 - train - INFO - Validation AUC: 0.7596
2026-04-03 00:44:17,785 - utils - INFO - Checkpoint saved to checkpoints\best_CARE_yelp.pt
2026-04-03 00:44:17,785 - train - INFO - New best model saved (AUC: 0.7596)
2026-04-03 00:44:26,408 - train - INFO - Epoch: 25, loss: 1.2139, lr: 0.010000, time: 8.62s
2026-04-03 00:44:34,657 - train - INFO - Epoch: 26, loss: 1.1797, lr: 0.010000, time: 8.24s
2026-04-03 00:44:43,045 - train - INFO - Epoch: 27, loss: 1.2025, lr: 0.010000, time: 8.38s
2026-04-03 00:45:49,707 - utils - INFO - GNN F1: 0.1328, Acc: 0.1501, Recall: 0.5028, AUC: 0.7620, AP: 0.3726
2026-04-03 00:45:49,707 - utils - INFO - Label F1: 0.1268, Acc: 0.1453, Recall: 0.5000, AUC: 0.7431, AP: 0.3260
2026-04-03 00:46:06,179 - utils - INFO - GNN F1: 0.1331, Acc: 0.1501, Recall: 0.5030, AUC: 0.7633, AP: 0.3728
2026-04-03 00:46:06,179 - utils - INFO - Label F1: 0.1265, Acc: 0.1449, Recall: 0.5000, AUC: 0.7456, AP: 0.3326
2026-04-03 00:46:06,179 - train - INFO - Validation AUC: 0.7633
2026-04-03 00:46:06,190 - utils - INFO - Checkpoint saved to checkpoints\best_CARE_yelp.pt
2026-04-03 00:46:06,190 - train - INFO - New best model saved (AUC: 0.7633)
2026-04-03 00:46:15,722 - train - INFO - Epoch: 28, loss: 1.1679, lr: 0.010000, time: 9.52s
2026-04-03 00:46:24,004 - train - INFO - Epoch: 29, loss: 1.1608, lr: 0.010000, time: 8.28s
2026-04-03 00:46:32,546 - train - INFO - Epoch: 30, loss: 1.1601, lr: 0.010000, time: 8.54s
2026-04-03 00:47:39,744 - utils - INFO - GNN F1: 0.1325, Acc: 0.1498, Recall: 0.5024, AUC: 0.7643, AP: 0.3770
2026-04-03 00:47:39,744 - utils - INFO - Label F1: 0.1268, Acc: 0.1453, Recall: 0.5000, AUC: 0.7447, AP: 0.3277
2026-04-03 00:47:56,399 - utils - INFO - GNN F1: 0.1325, Acc: 0.1496, Recall: 0.5028, AUC: 0.7657, AP: 0.3768
2026-04-03 00:47:56,400 - utils - INFO - Label F1: 0.1265, Acc: 0.1449, Recall: 0.5000, AUC: 0.7469, AP: 0.3346
2026-04-03 00:47:56,400 - train - INFO - Validation AUC: 0.7657
2026-04-03 00:47:56,411 - utils - INFO - Checkpoint saved to checkpoints\best_CARE_yelp.pt
2026-04-03 00:47:56,412 - train - INFO - New best model saved (AUC: 0.7657)
2026-04-03 00:47:56,412 - train - INFO - Training complete.
2026-04-03 00:47:56,568 - __main__ - INFO - Experiment MLP label predictor (CAPN) completed in 1322.5s
2026-04-03 00:47:56,568 - __main__ - INFO - Best GNN AUC: 0.7642719948591561
2026-04-03 00:47:56,569 - __main__ - INFO - Results saved to results/ablation\capn_label\ablation_results_20260403_004756.json
2026-04-03 00:47:57,133 - __main__ - INFO - 

Starting study: capn_reward
2026-04-03 00:47:57,134 - __main__ - INFO - 
============================================================
2026-04-03 00:47:57,134 - __main__ - INFO - Running experiment: Binary reward (original)
2026-04-03 00:47:57,135 - __main__ - INFO - ============================================================
2026-04-03 00:47:57,135 - __main__ - INFO - Config: {'model': 'CARE', 'use_capn': False}
2026-04-03 00:47:57,135 - train - INFO - Using device: cuda
2026-04-03 00:47:57,136 - utils - INFO - Random seed set to 72
2026-04-03 00:47:57,137 - utils - INFO - Loading cached labels/features from yelp_labels.npy, yelp_features.npy
2026-04-03 00:48:01,618 - utils - INFO - Loaded yelp dataset: 45954 nodes, 32 features
2026-04-03 00:48:01,644 - train - INFO - Split: train=11488, val=6893, test=27573
2026-04-03 00:48:01,646 - train - INFO - CE loss class weights: [0.5849882880130359, 3.4415817855002997]
2026-04-03 00:48:01,665 - train - INFO - Model: CARE, Inter-AGG: GNN, emb_size: 64
2026-04-03 00:48:06,387 - train - INFO - Epoch: 0, loss: 2.0636, lr: 0.010000, time: 4.72s
2026-04-03 00:48:38,774 - utils - INFO - GNN F1: 0.1268, Acc: 0.1453, Recall: 0.5000, AUC: 0.6096, AP: 0.2312
2026-04-03 00:48:38,774 - utils - INFO - Label F1: 0.2960, Acc: 0.2996, Recall: 0.5035, AUC: 0.5196, AP: 0.1573
2026-04-03 00:48:46,714 - utils - INFO - GNN F1: 0.1265, Acc: 0.1449, Recall: 0.5000, AUC: 0.6286, AP: 0.2473
2026-04-03 00:48:46,715 - utils - INFO - Label F1: 0.3023, Acc: 0.3059, Recall: 0.5159, AUC: 0.5361, AP: 0.1610
2026-04-03 00:48:46,715 - train - INFO - Validation AUC: 0.6286
2026-04-03 00:48:46,726 - utils - INFO - Checkpoint saved to checkpoints\best_CARE_yelp.pt
2026-04-03 00:48:46,727 - train - INFO - New best model saved (AUC: 0.6286)
2026-04-03 00:48:50,996 - train - INFO - Epoch: 1, loss: 1.7902, lr: 0.010000, time: 4.27s
2026-04-03 00:48:52,201 - layers - INFO - RL update - scores: ['0.0013', '0.0034', '0.0036'], rewards: [-1, -1, 1], thresholds: ['0.4800', '0.4800', '0.5200']
2026-04-03 00:48:54,958 - train - INFO - Epoch: 2, loss: 1.6628, lr: 0.010000, time: 3.96s
2026-04-03 00:48:56,119 - layers - INFO - RL update - scores: ['0.0013', '0.0033', '0.0037'], rewards: [-1, 1, -1], thresholds: ['0.4600', '0.5000', '0.5000']
2026-04-03 00:48:59,440 - train - INFO - Epoch: 3, loss: 1.5846, lr: 0.010000, time: 4.48s
2026-04-03 00:49:32,581 - utils - INFO - GNN F1: 0.1268, Acc: 0.1453, Recall: 0.5000, AUC: 0.6447, AP: 0.2574
2026-04-03 00:49:32,582 - utils - INFO - Label F1: 0.1268, Acc: 0.1453, Recall: 0.5000, AUC: 0.5204, AP: 0.1577
2026-04-03 00:49:40,736 - utils - INFO - GNN F1: 0.1265, Acc: 0.1449, Recall: 0.5000, AUC: 0.6657, AP: 0.2733
2026-04-03 00:49:40,736 - utils - INFO - Label F1: 0.1265, Acc: 0.1449, Recall: 0.5000, AUC: 0.5369, AP: 0.1614
2026-04-03 00:49:40,736 - train - INFO - Validation AUC: 0.6657
2026-04-03 00:49:40,745 - utils - INFO - Checkpoint saved to checkpoints\best_CARE_yelp.pt
2026-04-03 00:49:40,746 - train - INFO - New best model saved (AUC: 0.6657)
2026-04-03 00:49:42,538 - layers - INFO - RL update - scores: ['0.0013', '0.0034', '0.0037'], rewards: [-1, -1, -1], thresholds: ['0.4400', '0.4800', '0.4800']
2026-04-03 00:49:45,364 - train - INFO - Epoch: 4, loss: 1.5190, lr: 0.010000, time: 4.61s
2026-04-03 00:49:46,509 - layers - INFO - RL update - scores: ['0.0013', '0.0033', '0.0035'], rewards: [1, 1, 1], thresholds: ['0.4600', '0.5000', '0.5000']
2026-04-03 00:49:49,536 - train - INFO - Epoch: 5, loss: 1.4343, lr: 0.010000, time: 4.17s
2026-04-03 00:49:50,748 - layers - INFO - RL update - scores: ['0.0013', '0.0033', '0.0035'], rewards: [1, -1, -1], thresholds: ['0.4800', '0.4800', '0.4800']
2026-04-03 00:49:53,941 - train - INFO - Epoch: 6, loss: 1.3784, lr: 0.010000, time: 4.40s
2026-04-03 00:50:26,822 - utils - INFO - GNN F1: 0.1268, Acc: 0.1453, Recall: 0.5000, AUC: 0.7013, AP: 0.3082
2026-04-03 00:50:26,822 - utils - INFO - Label F1: 0.1268, Acc: 0.1453, Recall: 0.5000, AUC: 0.5233, AP: 0.1591
2026-04-03 00:50:34,660 - utils - INFO - GNN F1: 0.1265, Acc: 0.1449, Recall: 0.5000, AUC: 0.7170, AP: 0.3172
2026-04-03 00:50:34,660 - utils - INFO - Label F1: 0.1265, Acc: 0.1449, Recall: 0.5000, AUC: 0.5397, AP: 0.1628
2026-04-03 00:50:34,660 - train - INFO - Validation AUC: 0.7170
2026-04-03 00:50:34,669 - utils - INFO - Checkpoint saved to checkpoints\best_CARE_yelp.pt
2026-04-03 00:50:34,670 - train - INFO - New best model saved (AUC: 0.7170)
2026-04-03 00:50:35,840 - layers - INFO - RL update - scores: ['0.0013', '0.0033', '0.0035'], rewards: [-1, -1, -1], thresholds: ['0.4600', '0.4600', '0.4600']
2026-04-03 00:50:38,918 - train - INFO - Epoch: 7, loss: 1.3522, lr: 0.010000, time: 4.25s
2026-04-03 00:50:40,148 - layers - INFO - RL update - scores: ['0.0013', '0.0032', '0.0034'], rewards: [-1, 1, 1], thresholds: ['0.4400', '0.4800', '0.4800']
2026-04-03 00:50:43,073 - train - INFO - Epoch: 8, loss: 1.3184, lr: 0.010000, time: 4.15s
2026-04-03 00:50:44,420 - layers - INFO - RL update - scores: ['0.0013', '0.0032', '0.0035'], rewards: [1, -1, -1], thresholds: ['0.4600', '0.4600', '0.4600']
2026-04-03 00:50:47,222 - train - INFO - Epoch: 9, loss: 1.2928, lr: 0.010000, time: 4.15s
2026-04-03 00:51:20,153 - utils - INFO - GNN F1: 0.1268, Acc: 0.1453, Recall: 0.5000, AUC: 0.7217, AP: 0.3262
2026-04-03 00:51:20,153 - utils - INFO - Label F1: 0.1268, Acc: 0.1453, Recall: 0.5000, AUC: 0.5320, AP: 0.1633
2026-04-03 00:51:28,116 - utils - INFO - GNN F1: 0.1265, Acc: 0.1449, Recall: 0.5000, AUC: 0.7349, AP: 0.3327
2026-04-03 00:51:28,116 - utils - INFO - Label F1: 0.1265, Acc: 0.1449, Recall: 0.5000, AUC: 0.5485, AP: 0.1672
2026-04-03 00:51:28,117 - train - INFO - Validation AUC: 0.7349
2026-04-03 00:51:28,126 - utils - INFO - Checkpoint saved to checkpoints\best_CARE_yelp.pt
2026-04-03 00:51:28,127 - train - INFO - New best model saved (AUC: 0.7349)
2026-04-03 00:51:29,302 - layers - INFO - RL update - scores: ['0.0013', '0.0033', '0.0034'], rewards: [-1, -1, 1], thresholds: ['0.4400', '0.4400', '0.4800']
2026-04-03 00:51:32,436 - train - INFO - Epoch: 10, loss: 1.2615, lr: 0.010000, time: 4.30s
2026-04-03 00:51:33,624 - layers - INFO - RL update - scores: ['0.0014', '0.0031', '0.0035'], rewards: [-1, 1, -1], thresholds: ['0.4200', '0.4600', '0.4600']
2026-04-03 00:51:36,580 - train - INFO - Epoch: 11, loss: 1.2572, lr: 0.010000, time: 4.14s
2026-04-03 00:51:37,771 - layers - INFO - RL update - scores: ['0.0012', '0.0033', '0.0035'], rewards: [1, -1, -1], thresholds: ['0.4400', '0.4400', '0.4400']
2026-04-03 00:51:40,483 - train - INFO - Epoch: 12, loss: 1.2593, lr: 0.010000, time: 3.90s
2026-04-03 00:52:13,336 - utils - INFO - GNN F1: 0.1268, Acc: 0.1453, Recall: 0.5000, AUC: 0.7303, AP: 0.3316
2026-04-03 00:52:13,336 - utils - INFO - Label F1: 0.1268, Acc: 0.1453, Recall: 0.5000, AUC: 0.5488, AP: 0.1716
2026-04-03 00:52:21,835 - utils - INFO - GNN F1: 0.1265, Acc: 0.1449, Recall: 0.5000, AUC: 0.7405, AP: 0.3359
2026-04-03 00:52:21,836 - utils - INFO - Label F1: 0.1265, Acc: 0.1449, Recall: 0.5000, AUC: 0.5656, AP: 0.1761
2026-04-03 00:52:21,836 - train - INFO - Validation AUC: 0.7405
2026-04-03 00:52:21,845 - utils - INFO - Checkpoint saved to checkpoints\best_CARE_yelp.pt
2026-04-03 00:52:21,845 - train - INFO - New best model saved (AUC: 0.7405)
2026-04-03 00:52:23,024 - layers - INFO - RL update - scores: ['0.0013', '0.0032', '0.0033'], rewards: [-1, 1, 1], thresholds: ['0.4200', '0.4600', '0.4600']
2026-04-03 00:52:26,189 - train - INFO - Epoch: 13, loss: 1.2467, lr: 0.010000, time: 4.34s
2026-04-03 00:52:28,104 - layers - INFO - RL update - scores: ['0.0013', '0.0034', '0.0035'], rewards: [-1, -1, -1], thresholds: ['0.4000', '0.4400', '0.4400']
2026-04-03 00:52:30,877 - train - INFO - Epoch: 14, loss: 1.2527, lr: 0.010000, time: 4.69s
2026-04-03 00:52:32,055 - layers - INFO - RL update - scores: ['0.0013', '0.0033', '0.0034'], rewards: [1, 1, 1], thresholds: ['0.4200', '0.4600', '0.4600']
2026-04-03 00:52:34,928 - train - INFO - Epoch: 15, loss: 1.2218, lr: 0.010000, time: 4.05s
2026-04-03 00:53:08,232 - utils - INFO - GNN F1: 0.1268, Acc: 0.1453, Recall: 0.5000, AUC: 0.7327, AP: 0.3320
2026-04-03 00:53:08,232 - utils - INFO - Label F1: 0.1268, Acc: 0.1453, Recall: 0.5000, AUC: 0.5720, AP: 0.1836
2026-04-03 00:53:17,052 - utils - INFO - GNN F1: 0.1265, Acc: 0.1449, Recall: 0.5000, AUC: 0.7411, AP: 0.3358
2026-04-03 00:53:17,052 - utils - INFO - Label F1: 0.1265, Acc: 0.1449, Recall: 0.5000, AUC: 0.5894, AP: 0.1893
2026-04-03 00:53:17,052 - train - INFO - Validation AUC: 0.7411
2026-04-03 00:53:17,061 - utils - INFO - Checkpoint saved to checkpoints\best_CARE_yelp.pt
2026-04-03 00:53:17,062 - train - INFO - New best model saved (AUC: 0.7411)
2026-04-03 00:53:18,355 - layers - INFO - RL update - scores: ['0.0013', '0.0035', '0.0036'], rewards: [-1, -1, -1], thresholds: ['0.4000', '0.4400', '0.4400']
2026-04-03 00:53:21,680 - train - INFO - Epoch: 16, loss: 1.2345, lr: 0.010000, time: 4.61s
2026-04-03 00:53:22,897 - layers - INFO - RL update - scores: ['0.0014', '0.0035', '0.0036'], rewards: [-1, -1, -1], thresholds: ['0.3800', '0.4200', '0.4200']
2026-04-03 00:53:26,180 - train - INFO - Epoch: 17, loss: 1.2542, lr: 0.010000, time: 4.50s
2026-04-03 00:53:27,755 - layers - INFO - RL update - scores: ['0.0013', '0.0033', '0.0035'], rewards: [1, 1, 1], thresholds: ['0.4000', '0.4400', '0.4400']
2026-04-03 00:53:30,559 - train - INFO - Epoch: 18, loss: 1.2432, lr: 0.010000, time: 4.38s
2026-04-03 00:54:03,870 - utils - INFO - GNN F1: 0.1268, Acc: 0.1453, Recall: 0.5000, AUC: 0.7364, AP: 0.3323
2026-04-03 00:54:03,870 - utils - INFO - Label F1: 0.1268, Acc: 0.1453, Recall: 0.5000, AUC: 0.5996, AP: 0.1995
2026-04-03 00:54:12,288 - utils - INFO - GNN F1: 0.1265, Acc: 0.1449, Recall: 0.5000, AUC: 0.7433, AP: 0.3345
2026-04-03 00:54:12,289 - utils - INFO - Label F1: 0.1265, Acc: 0.1449, Recall: 0.5000, AUC: 0.6175, AP: 0.2064
2026-04-03 00:54:12,289 - train - INFO - Validation AUC: 0.7433
2026-04-03 00:54:12,298 - utils - INFO - Checkpoint saved to checkpoints\best_CARE_yelp.pt
2026-04-03 00:54:12,298 - train - INFO - New best model saved (AUC: 0.7433)
2026-04-03 00:54:13,477 - layers - INFO - RL update - scores: ['0.0015', '0.0036', '0.0037'], rewards: [-1, -1, -1], thresholds: ['0.3800', '0.4200', '0.4200']
2026-04-03 00:54:16,468 - train - INFO - Epoch: 19, loss: 1.2133, lr: 0.010000, time: 4.17s
2026-04-03 00:54:18,403 - layers - INFO - RL update - scores: ['0.0015', '0.0035', '0.0036'], rewards: [-1, 1, 1], thresholds: ['0.3600', '0.4400', '0.4400']
2026-04-03 00:54:21,580 - train - INFO - Epoch: 20, loss: 1.2004, lr: 0.010000, time: 5.11s
2026-04-03 00:54:22,835 - layers - INFO - RL update - scores: ['0.0014', '0.0037', '0.0039'], rewards: [1, -1, -1], thresholds: ['0.3800', '0.4200', '0.4200']
2026-04-03 00:54:26,069 - train - INFO - Epoch: 21, loss: 1.1734, lr: 0.010000, time: 4.49s
2026-04-03 00:55:00,719 - utils - INFO - GNN F1: 0.1268, Acc: 0.1453, Recall: 0.5000, AUC: 0.7437, AP: 0.3377
2026-04-03 00:55:00,719 - utils - INFO - Label F1: 0.1268, Acc: 0.1453, Recall: 0.5000, AUC: 0.6276, AP: 0.2174
2026-04-03 00:55:08,815 - utils - INFO - GNN F1: 0.1265, Acc: 0.1449, Recall: 0.5000, AUC: 0.7482, AP: 0.3392
2026-04-03 00:55:08,815 - utils - INFO - Label F1: 0.1265, Acc: 0.1449, Recall: 0.5000, AUC: 0.6454, AP: 0.2248
2026-04-03 00:55:08,815 - train - INFO - Validation AUC: 0.7482
2026-04-03 00:55:08,824 - utils - INFO - Checkpoint saved to checkpoints\best_CARE_yelp.pt
2026-04-03 00:55:08,824 - train - INFO - New best model saved (AUC: 0.7482)
2026-04-03 00:55:10,099 - layers - INFO - RL update - scores: ['0.0015', '0.0037', '0.0039'], rewards: [-1, -1, -1], thresholds: ['0.3600', '0.4000', '0.4000']
2026-04-03 00:55:12,838 - train - INFO - Epoch: 22, loss: 1.2040, lr: 0.010000, time: 4.01s
2026-04-03 00:55:14,046 - layers - INFO - RL update - scores: ['0.0015', '0.0036', '0.0038'], rewards: [-1, 1, 1], thresholds: ['0.3400', '0.4200', '0.4200']
2026-04-03 00:55:17,155 - train - INFO - Epoch: 23, loss: 1.1776, lr: 0.010000, time: 4.31s
2026-04-03 00:55:18,519 - layers - INFO - RL update - scores: ['0.0015', '0.0039', '0.0041'], rewards: [-1, -1, -1], thresholds: ['0.3200', '0.4000', '0.4000']
2026-04-03 00:55:21,734 - train - INFO - Epoch: 24, loss: 1.2000, lr: 0.010000, time: 4.58s
2026-04-03 00:55:54,576 - utils - INFO - GNN F1: 0.1268, Acc: 0.1453, Recall: 0.5000, AUC: 0.7463, AP: 0.3343
2026-04-03 00:55:54,576 - utils - INFO - Label F1: 0.1268, Acc: 0.1453, Recall: 0.5000, AUC: 0.6522, AP: 0.2345
2026-04-03 00:56:03,546 - utils - INFO - GNN F1: 0.1265, Acc: 0.1449, Recall: 0.5000, AUC: 0.7509, AP: 0.3386
2026-04-03 00:56:03,546 - utils - INFO - Label F1: 0.1265, Acc: 0.1449, Recall: 0.5000, AUC: 0.6693, AP: 0.2423
2026-04-03 00:56:03,546 - train - INFO - Validation AUC: 0.7509
2026-04-03 00:56:03,556 - utils - INFO - Checkpoint saved to checkpoints\best_CARE_yelp.pt
2026-04-03 00:56:03,557 - train - INFO - New best model saved (AUC: 0.7509)
2026-04-03 00:56:04,805 - layers - INFO - RL update - scores: ['0.0013', '0.0038', '0.0040'], rewards: [1, 1, 1], thresholds: ['0.3400', '0.4200', '0.4200']
2026-04-03 00:56:08,040 - train - INFO - Epoch: 25, loss: 1.2260, lr: 0.010000, time: 4.48s
2026-04-03 00:56:09,559 - layers - INFO - RL update - scores: ['0.0014', '0.0041', '0.0043'], rewards: [-1, -1, -1], thresholds: ['0.3200', '0.4000', '0.4000']
2026-04-03 00:56:13,170 - train - INFO - Epoch: 26, loss: 1.1951, lr: 0.010000, time: 5.13s
2026-04-03 00:56:14,435 - layers - INFO - RL update - scores: ['0.0013', '0.0040', '0.0042'], rewards: [1, 1, 1], thresholds: ['0.3400', '0.4200', '0.4200']
2026-04-03 00:56:17,343 - train - INFO - Epoch: 27, loss: 1.2263, lr: 0.010000, time: 4.17s
2026-04-03 00:56:51,138 - utils - INFO - GNN F1: 0.1269, Acc: 0.1454, Recall: 0.5001, AUC: 0.7526, AP: 0.3471
2026-04-03 00:56:51,138 - utils - INFO - Label F1: 0.1268, Acc: 0.1453, Recall: 0.5000, AUC: 0.6730, AP: 0.2504
2026-04-03 00:56:59,890 - utils - INFO - GNN F1: 0.1269, Acc: 0.1452, Recall: 0.5002, AUC: 0.7564, AP: 0.3498
2026-04-03 00:56:59,890 - utils - INFO - Label F1: 0.1265, Acc: 0.1449, Recall: 0.5000, AUC: 0.6889, AP: 0.2582
2026-04-03 00:56:59,890 - train - INFO - Validation AUC: 0.7564
2026-04-03 00:56:59,900 - utils - INFO - Checkpoint saved to checkpoints\best_CARE_yelp.pt
2026-04-03 00:56:59,901 - train - INFO - New best model saved (AUC: 0.7564)
2026-04-03 00:57:01,101 - layers - INFO - RL update - scores: ['0.0014', '0.0043', '0.0045'], rewards: [-1, -1, -1], thresholds: ['0.3200', '0.4000', '0.4000']
2026-04-03 00:57:04,194 - train - INFO - Epoch: 28, loss: 1.1947, lr: 0.010000, time: 4.29s
2026-04-03 00:57:05,429 - layers - INFO - RL update - scores: ['0.0014', '0.0043', '0.0046'], rewards: [-1, 1, -1], thresholds: ['0.3000', '0.4200', '0.3800']
2026-04-03 00:57:08,633 - train - INFO - Epoch: 29, loss: 1.1890, lr: 0.010000, time: 4.44s
2026-04-03 00:57:10,147 - layers - INFO - RL update - scores: ['0.0013', '0.0046', '0.0045'], rewards: [1, -1, 1], thresholds: ['0.3200', '0.4000', '0.4000']
2026-04-03 00:57:12,875 - train - INFO - Epoch: 30, loss: 1.1947, lr: 0.010000, time: 4.24s
2026-04-03 00:57:46,183 - utils - INFO - GNN F1: 0.1326, Acc: 0.1499, Recall: 0.5025, AUC: 0.7537, AP: 0.3448
2026-04-03 00:57:46,183 - utils - INFO - Label F1: 0.1268, Acc: 0.1453, Recall: 0.5000, AUC: 0.6897, AP: 0.2647
2026-04-03 00:57:54,542 - utils - INFO - GNN F1: 0.1317, Acc: 0.1489, Recall: 0.5024, AUC: 0.7574, AP: 0.3490
2026-04-03 00:57:54,542 - utils - INFO - Label F1: 0.1265, Acc: 0.1449, Recall: 0.5000, AUC: 0.7045, AP: 0.2731
2026-04-03 00:57:54,542 - train - INFO - Validation AUC: 0.7574
2026-04-03 00:57:54,552 - utils - INFO - Checkpoint saved to checkpoints\best_CARE_yelp.pt
2026-04-03 00:57:54,552 - train - INFO - New best model saved (AUC: 0.7574)
2026-04-03 00:57:54,552 - train - INFO - Training complete.
2026-04-03 00:57:54,689 - __main__ - INFO - Experiment Binary reward (original) completed in 597.6s
2026-04-03 00:57:54,689 - __main__ - INFO - Best GNN AUC: 0.7536941818570146
2026-04-03 00:57:54,689 - __main__ - INFO - 
============================================================
2026-04-03 00:57:54,689 - __main__ - INFO - Running experiment: Shaped reward (CAPN)
2026-04-03 00:57:54,689 - __main__ - INFO - ============================================================
2026-04-03 00:57:54,689 - __main__ - INFO - Config: {'model': 'CARE', 'use_capn': True}
2026-04-03 00:57:54,689 - train - INFO - Using device: cuda
2026-04-03 00:57:54,691 - utils - INFO - Random seed set to 72
2026-04-03 00:57:54,691 - utils - INFO - Loading cached labels/features from yelp_labels.npy, yelp_features.npy
2026-04-03 00:57:59,080 - utils - INFO - Loaded yelp dataset: 45954 nodes, 32 features
2026-04-03 00:57:59,108 - train - INFO - Split: train=11488, val=6893, test=27573
2026-04-03 00:57:59,109 - train - INFO - CE loss class weights: [0.5849882880130359, 3.4415817855002997]
2026-04-03 00:57:59,133 - train - INFO - Model: CARE, Inter-AGG: GNN, emb_size: 64
2026-04-03 00:57:59,147 - train - INFO - Policy network state_dim=37
2026-04-03 00:57:59,147 - train - INFO - CAPN mode enabled: policy_hidden=64, policy_lr=0.001, lambda_policy=0.1
2026-04-03 00:57:59,149 - train - INFO - Dual optimizer: GNN params=3618, Policy params=4710
